2023-04-30T14:49:22.855Z markuplint-cli Debug enable: markuplint-cli
2023-04-30T14:49:22.860Z ml-core Debug enable: ml-core
2023-04-30T14:49:22.860Z ml-core Debug enable: ml-core, markuplint-cli
2023-04-30T14:49:22.879Z markuplint-cli File list: [ '/workspaces/markuplint-test/test.html' ]
2023-04-30T14:49:22.880Z markuplint-cli Config: N/A
2023-04-30T14:49:22.880Z markuplint-cli Fix option: false
2023-04-30T14:49:22.882Z markuplint-cli:ml-engine exec: start
2023-04-30T14:49:22.882Z markuplint-cli:ml-engine:config defaultConfigKey: N/A
2023-04-30T14:49:22.890Z markuplint-cli:ml-engine:config configFilePathsFromTarget: N/A
2023-04-30T14:49:22.890Z markuplint-cli:ml-engine:config option.config: N/A
2023-04-30T14:49:22.890Z markuplint-cli:ml-engine:config defaultRecommended: 0
2023-04-30T14:49:22.896Z markuplint-cli:ml-engine:file Fetched Config files: Set(8) {
  'markuplint:code-styles',
  'markuplint:html-standard',
  'markuplint:a11y',
  'markuplint:performance',
  'markuplint:security',
  'markuplint:rdfa',
  'markuplint:recommended',
  '0'
}
2023-04-30T14:49:22.898Z markuplint-cli:ml-engine:file Resolved Config: {
  rules: {
    'attr-duplication': true,
    'character-reference': true,
    'deprecated-attr': true,
    'deprecated-element': true,
    doctype: true,
    'id-duplication': true,
    'ineffective-attr': true,
    'no-refer-to-non-existent-id': true,
    'permitted-contents': true,
    'placeholder-label-option': true,
    'require-datetime': true,
    'required-attr': true,
    'invalid-attr': { options: [Object] },
    'label-has-control': true,
    'landmark-roles': true,
    'require-accessible-name': true,
    'required-h1': true,
    'use-list': true,
    'wai-aria': true
  },
  nodeRules: [
    { selector: ':where(head)', rules: [Object] },
    { selector: 'h1, h2, h3, h4, h5, h6', rules: [Object] },
    {
      selector: ':where(figcaption ~ table, table:has(~ figcaption))',
      rules: [Object]
    },
    { selector: ':where(html)', rules: [Object] },
    { selector: ':where(abbr)', rules: [Object] },
    { selector: ':where(video, audio)', rules: [Object] },
    { selector: ':where(video[autoplay])', rules: [Object] },
    { selector: ':where(th, td)', rules: [Object] },
    { selector: ':where(summary)', rules: [Object] },
    { selector: ':where(:not(dialog, dialog *))', rules: [Object] },
    { selector: ':where(search)', rules: [Object] },
    { selector: ':where(head)', rules: [Object] },
    {
      selector: ':where(script[src]:not([type=module]))',
      rules: [Object]
    },
    { selector: ':where(img[src])', rules: [Object] },
    { selector: ':where(img[src][width][height])', rules: [Object] },
    { selector: ':where(iframe)', rules: [Object] },
    { selector: ':where(meta[property])', rules: [Object] }
  ]
}
2023-04-30T14:49:22.898Z markuplint-cli:ml-engine:file Resolved Plugins: []
2023-04-30T14:49:22.898Z markuplint-cli:ml-engine:file Resolve Errors: []
2023-04-30T14:49:22.899Z markuplint-cli:ml-engine:file Fetched Parser module: @markuplint/html-parser
2023-04-30T14:49:22.900Z markuplint-cli:ml-engine:file Resolved ruleset: Ruleset {
  rules: {
    'attr-duplication': true,
    'character-reference': true,
    'deprecated-attr': true,
    'deprecated-element': true,
    doctype: true,
    'id-duplication': true,
    'ineffective-attr': true,
    'no-refer-to-non-existent-id': true,
    'permitted-contents': true,
    'placeholder-label-option': true,
    'require-datetime': true,
    'required-attr': true,
    'invalid-attr': { options: [Object] },
    'label-has-control': true,
    'landmark-roles': true,
    'require-accessible-name': true,
    'required-h1': true,
    'use-list': true,
    'wai-aria': true
  },
  nodeRules: [
    { selector: ':where(head)', rules: [Object] },
    { selector: 'h1, h2, h3, h4, h5, h6', rules: [Object] },
    {
      selector: ':where(figcaption ~ table, table:has(~ figcaption))',
      rules: [Object]
    },
    { selector: ':where(html)', rules: [Object] },
    { selector: ':where(abbr)', rules: [Object] },
    { selector: ':where(video, audio)', rules: [Object] },
    { selector: ':where(video[autoplay])', rules: [Object] },
    { selector: ':where(th, td)', rules: [Object] },
    { selector: ':where(summary)', rules: [Object] },
    { selector: ':where(:not(dialog, dialog *))', rules: [Object] },
    { selector: ':where(search)', rules: [Object] },
    { selector: ':where(head)', rules: [Object] },
    {
      selector: ':where(script[src]:not([type=module]))',
      rules: [Object]
    },
    { selector: ':where(img[src])', rules: [Object] },
    { selector: ':where(img[src][width][height])', rules: [Object] },
    { selector: ':where(iframe)', rules: [Object] },
    { selector: ':where(meta[property])', rules: [Object] }
  ],
  childNodeRules: []
}
2023-04-30T14:49:22.901Z markuplint-cli:ml-engine:file Resolved schemas: HTML Standard
2023-04-30T14:49:23.028Z markuplint-cli:ml-engine:file Resolved rules: [
  MLRule {
    name: 'attr-duplication',
    defaultSeverity: 'error',
    defaultValue: true,
    defaultOptions: undefined
  },
  MLRule {
    name: 'attr-value-quotes',
    defaultSeverity: 'warning',
    defaultValue: 'double',
    defaultOptions: undefined
  },
  MLRule {
    name: 'case-sensitive-attr-name',
    defaultSeverity: 'warning',
    defaultValue: 'lower',
    defaultOptions: undefined
  },
  MLRule {
    name: 'case-sensitive-tag-name',
    defaultSeverity: 'warning',
    defaultValue: 'lower',
    defaultOptions: undefined
  },
  MLRule {
    name: 'character-reference',
    defaultSeverity: 'error',
    defaultValue: true,
    defaultOptions: undefined
  },
  MLRule {
    name: 'class-naming',
    defaultSeverity: 'warning',
    defaultValue: null,
    defaultOptions: undefined
  },
  MLRule {
    name: 'deprecated-attr',
    defaultSeverity: 'error',
    defaultValue: true,
    defaultOptions: undefined
  },
  MLRule {
    name: 'deprecated-element',
    defaultSeverity: 'error',
    defaultValue: true,
    defaultOptions: undefined
  },
  MLRule {
    name: 'disallowed-element',
    defaultSeverity: 'error',
    defaultValue: [],
    defaultOptions: undefined
  },
  MLRule {
    name: 'doctype',
    defaultSeverity: 'error',
    defaultValue: 'always',
    defaultOptions: { denyObsoleteType: true }
  },
  MLRule {
    name: 'end-tag',
    defaultSeverity: 'warning',
    defaultValue: true,
    defaultOptions: undefined
  },
  MLRule {
    name: 'id-duplication',
    defaultSeverity: 'error',
    defaultValue: true,
    defaultOptions: undefined
  },
  MLRule {
    name: 'ineffective-attr',
    defaultSeverity: 'warning',
    defaultValue: true,
    defaultOptions: undefined
  },
  MLRule {
    name: 'invalid-attr',
    defaultSeverity: 'error',
    defaultValue: true,
    defaultOptions: {}
  },
  MLRule {
    name: 'label-has-control',
    defaultSeverity: 'warning',
    defaultValue: true,
    defaultOptions: undefined
  },
  MLRule {
    name: 'landmark-roles',
    defaultSeverity: 'warning',
    defaultValue: true,
    defaultOptions: { ignoreRoles: [], labelEachArea: true }
  },
  MLRule {
    name: 'no-boolean-attr-value',
    defaultSeverity: 'warning',
    defaultValue: true,
    defaultOptions: undefined
  },
  MLRule {
    name: 'no-default-value',
    defaultSeverity: 'warning',
    defaultValue: true,
    defaultOptions: undefined
  },
  MLRule {
    name: 'no-empty-palpable-content',
    defaultSeverity: 'warning',
    defaultValue: true,
    defaultOptions: { extendsExposableElements: true, ignoreIfAriaBusy: true }
  },
  MLRule {
    name: 'no-hard-code-id',
    defaultSeverity: 'warning',
    defaultValue: true,
    defaultOptions: undefined
  },
  MLRule {
    name: 'no-refer-to-non-existent-id',
    defaultSeverity: 'error',
    defaultValue: true,
    defaultOptions: { ariaVersion: '1.2', fragmentRefersNameAttr: false }
  },
  MLRule {
    name: 'no-use-event-handler-attr',
    defaultSeverity: 'warning',
    defaultValue: true,
    defaultOptions: {}
  },
  MLRule {
    name: 'permitted-contents',
    defaultSeverity: 'error',
    defaultValue: [],
    defaultOptions: { ignoreHasMutableChildren: true }
  },
  MLRule {
    name: 'placeholder-label-option',
    defaultSeverity: 'error',
    defaultValue: true,
    defaultOptions: undefined
  },
  MLRule {
    name: 'require-accessible-name',
    defaultSeverity: 'error',
    defaultValue: true,
    defaultOptions: { ariaVersion: '1.2' }
  },
  MLRule {
    name: 'require-datetime',
    defaultSeverity: 'error',
    defaultValue: true,
    defaultOptions: { langs: undefined }
  },
  MLRule {
    name: 'required-attr',
    defaultSeverity: 'error',
    defaultValue: [],
    defaultOptions: undefined
  },
  MLRule {
    name: 'required-element',
    defaultSeverity: 'error',
    defaultValue: [],
    defaultOptions: { ignoreHasMutableContents: true }
  },
  MLRule {
    name: 'required-h1',
    defaultSeverity: 'error',
    defaultValue: true,
    defaultOptions: { 'expected-once': true, 'in-document-fragment': false }
  },
  MLRule {
    name: 'use-list',
    defaultSeverity: 'warning',
    defaultValue: [
      '•', '‣', '⁃',  '⁌', '⁍', '∙',
      '○', '●', '◘',  '◦', '☙', '❥',
      '❧', '⦾', '⦿',  '·', '·', '•',
      '∙', '⋅', '・', '･', '-', '*',
      '+'
    ],
    defaultOptions: { spaceNeededBullets: [Array] }
  },
  MLRule {
    name: 'wai-aria',
    defaultSeverity: 'error',
    defaultValue: true,
    defaultOptions: {
      checkingValue: true,
      checkingDeprecatedProps: true,
      permittedAriaRoles: true,
      checkingRequiredOwnedElements: true,
      checkingPresentationalChildren: false,
      checkingInteractionInHidden: false,
      disallowSetImplicitRole: true,
      disallowSetImplicitProps: true,
      disallowDefaultValue: false,
      version: '1.2'
    }
  }
]
2023-04-30T14:49:23.030Z markuplint-cli:ml-engine:file Loaded 31 rules: [
  'attr-duplication',
  'attr-value-quotes',
  'case-sensitive-attr-name',
  'case-sensitive-tag-name',
  'character-reference',
  'class-naming',
  'deprecated-attr',
  'deprecated-element',
  'disallowed-element',
  'doctype',
  'end-tag',
  'id-duplication',
  'ineffective-attr',
  'invalid-attr',
  'label-has-control',
  'landmark-roles',
  'no-boolean-attr-value',
  'no-default-value',
  'no-empty-palpable-content',
  'no-hard-code-id',
  'no-refer-to-non-existent-id',
  'no-use-event-handler-attr',
  'permitted-contents',
  'placeholder-label-option',
  'require-accessible-name',
  'require-datetime',
  'required-attr',
  'required-element',
  'required-h1',
  'use-list',
  'wai-aria'
]
2023-04-30T14:49:23.030Z markuplint-cli:ml-engine:file Get source code
2023-04-30T14:49:23.032Z markuplint-cli:ml-engine:file Source code path: /workspaces/markuplint-test/test.html
2023-04-30T14:49:23.032Z markuplint-cli:ml-engine:file Source code size: 265byte
2023-04-30T14:49:23.044Z ml-core:node-store Mapped: 8408fd47-6d2d-44b7-bff6-367d6aa262d7 (html: "<html lang="en">")
2023-04-30T14:49:23.044Z ml-core:node-store Mapped: 32129115-2dc4-44b5-bb79-66e3d877e5c1 (lang: "lang="en"")
2023-04-30T14:49:23.045Z ml-core:node-store Mapped: 3549f776-21ee-41af-b860-849b8568b1d4 (#text: "⏎⏎")
2023-04-30T14:49:23.045Z ml-core:node-store Mapped: 3489daf1-06e6-4960-a5ec-b0ed2fadee37 (head: "<head>")
2023-04-30T14:49:23.045Z ml-core:node-store Mapped: 69ae19e6-c204-4fb0-9170-aa2e2de06dd4 (#text: "⏎    ")
2023-04-30T14:49:23.045Z ml-core:node-store Mapped: efc4c123-82ba-498a-a7db-692ca64b6c8f (meta: "<meta charset="UTF-8">")
2023-04-30T14:49:23.045Z ml-core:node-store Mapped: 8c886931-951b-444f-989f-97231b27715a (charset: "charset="UTF-8"")
2023-04-30T14:49:23.045Z ml-core:node-store Mapped: ab3caa48-3d3d-4d0a-9545-25cd2b84025a (#text: "⏎    ")
2023-04-30T14:49:23.046Z ml-core:node-store Mapped: 2aedbfab-1cfe-42d0-ae9e-8585773102b7 (meta: "<meta name="viewport" content="width=device-width, initial-scale=1.0">")
2023-04-30T14:49:23.046Z ml-core:node-store Mapped: 17c82ae6-ba0f-4414-911a-2b6bb4e1f3b7 (name: "name="viewport"")
2023-04-30T14:49:23.046Z ml-core:node-store Mapped: f00a40c4-eeae-4882-8d02-edb6bd85c68c (content: "content="width=device-width, initial-scale=1.0"")
2023-04-30T14:49:23.046Z ml-core:node-store Mapped: 6adef040-58d2-4844-ad62-d38e5fcb8577 (#text: "⏎    ")
2023-04-30T14:49:23.046Z ml-core:node-store Mapped: e00a8c2e-3e08-43d4-aca3-d73928884269 (meta: "<meta http-equiv="X-UA-Compatible" content="ie=edge">")
2023-04-30T14:49:23.047Z ml-core:node-store Mapped: 6d76b9b5-562d-418f-a22a-ec7848d4068a (http-equiv: "http-equiv="X-UA-Compatible"")
2023-04-30T14:49:23.047Z ml-core:node-store Mapped: 16c26784-e797-462f-8e60-978d5361d345 (content: "content="ie=edge"")
2023-04-30T14:49:23.047Z ml-core:node-store Mapped: 235301ac-109a-4084-80d8-329670906ef4 (#text: "⏎    ")
2023-04-30T14:49:23.047Z ml-core:node-store Mapped: e96a69c6-6219-4252-ad50-55f345b2347d (title: "<title>")
2023-04-30T14:49:23.047Z ml-core:node-store Mapped: 1239bb29-f35c-41f4-a78b-4daaf3b842d1 (#text: "Document")
2023-04-30T14:49:23.047Z ml-core:node-store Mapped: 0413f7c0-b44d-4cf0-b125-6945d6d41262 (#text: "⏎")
2023-04-30T14:49:23.047Z ml-core:node-store Mapped: 7c7bd0fe-5ed7-49dc-8be9-91a9e5578f7e (#text: "⏎⏎")
2023-04-30T14:49:23.047Z ml-core:node-store Mapped: 3b11744e-8e97-4f39-bde5-020e42bdef20 (body: "<body>")
2023-04-30T14:49:23.048Z ml-core:node-store Mapped: ac9f6347-a17a-4968-a04c-cbc385555fe3 (#text: "⏎    ")
2023-04-30T14:49:23.048Z ml-core:node-store Mapped: 058b504f-46ff-4ad8-8293-83b5dd60c605 (h2: "<h2>")
2023-04-30T14:49:23.048Z ml-core:node-store Mapped: 67a206c9-5586-4f2c-a89f-5ccc0ee77fe4 (#text: "Title")
2023-04-30T14:49:23.048Z ml-core:node-store Mapped: f202c7fb-72a1-42da-9ec0-91d4c618c522 (#text: "⏎")
2023-04-30T14:49:23.048Z ml-core:node-store Mapped: a9c8702e-6503-4577-a427-9d876b115d73 (#text: "⏎⏎")
2023-04-30T14:49:23.048Z ml-core:node-store Mapped: dfddffe7-6934-41cd-a934-2c966c26c09e (#text: "⏎")
2023-04-30T14:49:23.049Z ml-core:ml-dom:document Pretending: []
2023-04-30T14:49:23.049Z ml-core:ml-dom:document Rule Mapping: [
  'attr-duplication',
  'character-reference',
  'deprecated-attr',
  'deprecated-element',
  'doctype',
  'id-duplication',
  'ineffective-attr',
  'no-refer-to-non-existent-id',
  'permitted-contents',
  'placeholder-label-option',
  'require-datetime',
  'required-attr',
  'invalid-attr',
  'label-has-control',
  'landmark-roles',
  'require-accessible-name',
  'required-h1',
  'use-list',
  'wai-aria'
]
2023-04-30T14:49:23.050Z ml-core:rule-mapper Set to #document from rules ([ 0, 0, 0 ]): true
2023-04-30T14:49:23.050Z ml-core:rule-mapper Set to #document from rules ([ 0, 0, 0 ]): true
2023-04-30T14:49:23.050Z ml-core:rule-mapper Set to #document from rules ([ 0, 0, 0 ]): true
2023-04-30T14:49:23.050Z ml-core:rule-mapper Set to #document from rules ([ 0, 0, 0 ]): true
2023-04-30T14:49:23.050Z ml-core:rule-mapper Set to #document from rules ([ 0, 0, 0 ]): true
2023-04-30T14:49:23.050Z ml-core:rule-mapper Set to #document from rules ([ 0, 0, 0 ]): true
2023-04-30T14:49:23.051Z ml-core:rule-mapper Set to #document from rules ([ 0, 0, 0 ]): true
2023-04-30T14:49:23.051Z ml-core:rule-mapper Set to #document from rules ([ 0, 0, 0 ]): true
2023-04-30T14:49:23.051Z ml-core:rule-mapper Set to #document from rules ([ 0, 0, 0 ]): true
2023-04-30T14:49:23.051Z ml-core:rule-mapper Set to #document from rules ([ 0, 0, 0 ]): true
2023-04-30T14:49:23.051Z ml-core:rule-mapper Set to #document from rules ([ 0, 0, 0 ]): true
2023-04-30T14:49:23.051Z ml-core:rule-mapper Set to #document from rules ([ 0, 0, 0 ]): true
2023-04-30T14:49:23.051Z ml-core:rule-mapper Set to #document from rules ([ 0, 0, 0 ]): {
  options: { disallowAttrs: [ 'disallowed' ], allowAttrs: [ [Object] ] }
}
2023-04-30T14:49:23.052Z ml-core:rule-mapper Set to #document from rules ([ 0, 0, 0 ]): true
2023-04-30T14:49:23.052Z ml-core:rule-mapper Set to #document from rules ([ 0, 0, 0 ]): true
2023-04-30T14:49:23.052Z ml-core:rule-mapper Set to #document from rules ([ 0, 0, 0 ]): true
2023-04-30T14:49:23.052Z ml-core:rule-mapper Set to #document from rules ([ 0, 0, 0 ]): true
2023-04-30T14:49:23.052Z ml-core:rule-mapper Set to #document from rules ([ 0, 0, 0 ]): true
2023-04-30T14:49:23.052Z ml-core:rule-mapper Set to #document from rules ([ 0, 0, 0 ]): true
2023-04-30T14:49:23.052Z ml-core:ml-dom:document Add rules to node <HTML>
2023-04-30T14:49:23.053Z ml-core:rule-mapper Set to HTML from rules ([ 0, 0, 0 ]): true
2023-04-30T14:49:23.053Z ml-core:rule-mapper Set to HTML from rules ([ 0, 0, 0 ]): true
2023-04-30T14:49:23.053Z ml-core:rule-mapper Set to HTML from rules ([ 0, 0, 0 ]): true
2023-04-30T14:49:23.053Z ml-core:rule-mapper Set to HTML from rules ([ 0, 0, 0 ]): true
2023-04-30T14:49:23.053Z ml-core:rule-mapper Set to HTML from rules ([ 0, 0, 0 ]): true
2023-04-30T14:49:23.053Z ml-core:rule-mapper Set to HTML from rules ([ 0, 0, 0 ]): true
2023-04-30T14:49:23.053Z ml-core:rule-mapper Set to HTML from rules ([ 0, 0, 0 ]): true
2023-04-30T14:49:23.054Z ml-core:rule-mapper Set to HTML from rules ([ 0, 0, 0 ]): true
2023-04-30T14:49:23.054Z ml-core:rule-mapper Set to HTML from rules ([ 0, 0, 0 ]): true
2023-04-30T14:49:23.054Z ml-core:rule-mapper Set to HTML from rules ([ 0, 0, 0 ]): true
2023-04-30T14:49:23.054Z ml-core:rule-mapper Set to HTML from rules ([ 0, 0, 0 ]): true
2023-04-30T14:49:23.054Z ml-core:rule-mapper Set to HTML from rules ([ 0, 0, 0 ]): true
2023-04-30T14:49:23.054Z ml-core:rule-mapper Set to HTML from rules ([ 0, 0, 0 ]): {
  options: { disallowAttrs: [ 'disallowed' ], allowAttrs: [ [Object] ] }
}
2023-04-30T14:49:23.054Z ml-core:rule-mapper Set to HTML from rules ([ 0, 0, 0 ]): true
2023-04-30T14:49:23.055Z ml-core:rule-mapper Set to HTML from rules ([ 0, 0, 0 ]): true
2023-04-30T14:49:23.055Z ml-core:rule-mapper Set to HTML from rules ([ 0, 0, 0 ]): true
2023-04-30T14:49:23.055Z ml-core:rule-mapper Set to HTML from rules ([ 0, 0, 0 ]): true
2023-04-30T14:49:23.055Z ml-core:rule-mapper Set to HTML from rules ([ 0, 0, 0 ]): true
2023-04-30T14:49:23.055Z ml-core:rule-mapper Set to HTML from rules ([ 0, 0, 0 ]): true
2023-04-30T14:49:23.060Z ml-core:ml-dom:document Matched nodeRule: <HTML>(:where(html))
2023-04-30T14:49:23.062Z ml-core:ml-dom:document:rule ↑ nodeRule (required-attr): [ 'lang' ]
2023-04-30T14:49:23.062Z ml-core:rule-mapper Unset { from: 'rules', specificity: [ 0, 0, 0 ], rule: true } from <html lang="en">
2023-04-30T14:49:23.062Z ml-core:rule-mapper Set to HTML from nodeRules ([ 0, 0, 0 ]): [ 'lang' ]
2023-04-30T14:49:23.065Z ml-core:ml-dom:document Matched nodeRule: <HTML>(:where(:not(dialog, dialog *)))
2023-04-30T14:49:23.066Z ml-core:ml-dom:document:rule ↑ nodeRule (invalid-attr): {
  options: {
    disallowAttrs: [ 'disallowed', 'autofocus' ],
    allowAttrs: [ [Object] ]
  }
}
2023-04-30T14:49:23.066Z ml-core:rule-mapper Unset { from: 'rules', specificity: [ 0, 0, 0 ], rule: { options: { disallowAttrs: [Array], allowAttrs: [Array] } } } from <html lang="en">
2023-04-30T14:49:23.066Z ml-core:rule-mapper Set to HTML from nodeRules ([ 0, 0, 0 ]): {
  options: {
    disallowAttrs: [ 'disallowed', 'autofocus' ],
    allowAttrs: [ [Object] ]
  }
}
2023-04-30T14:49:23.068Z ml-core:ml-dom:document Add rules to node <#text>
2023-04-30T14:49:23.068Z ml-core:rule-mapper Set to #text from rules ([ 0, 0, 0 ]): true
2023-04-30T14:49:23.068Z ml-core:rule-mapper Set to #text from rules ([ 0, 0, 0 ]): true
2023-04-30T14:49:23.068Z ml-core:rule-mapper Set to #text from rules ([ 0, 0, 0 ]): true
2023-04-30T14:49:23.068Z ml-core:rule-mapper Set to #text from rules ([ 0, 0, 0 ]): true
2023-04-30T14:49:23.068Z ml-core:rule-mapper Set to #text from rules ([ 0, 0, 0 ]): true
2023-04-30T14:49:23.068Z ml-core:rule-mapper Set to #text from rules ([ 0, 0, 0 ]): true
2023-04-30T14:49:23.068Z ml-core:rule-mapper Set to #text from rules ([ 0, 0, 0 ]): true
2023-04-30T14:49:23.068Z ml-core:rule-mapper Set to #text from rules ([ 0, 0, 0 ]): true
2023-04-30T14:49:23.069Z ml-core:rule-mapper Set to #text from rules ([ 0, 0, 0 ]): true
2023-04-30T14:49:23.069Z ml-core:rule-mapper Set to #text from rules ([ 0, 0, 0 ]): true
2023-04-30T14:49:23.069Z ml-core:rule-mapper Set to #text from rules ([ 0, 0, 0 ]): true
2023-04-30T14:49:23.069Z ml-core:rule-mapper Set to #text from rules ([ 0, 0, 0 ]): true
2023-04-30T14:49:23.069Z ml-core:rule-mapper Set to #text from rules ([ 0, 0, 0 ]): {
  options: { disallowAttrs: [ 'disallowed' ], allowAttrs: [ [Object] ] }
}
2023-04-30T14:49:23.069Z ml-core:rule-mapper Set to #text from rules ([ 0, 0, 0 ]): true
2023-04-30T14:49:23.069Z ml-core:rule-mapper Set to #text from rules ([ 0, 0, 0 ]): true
2023-04-30T14:49:23.069Z ml-core:rule-mapper Set to #text from rules ([ 0, 0, 0 ]): true
2023-04-30T14:49:23.069Z ml-core:rule-mapper Set to #text from rules ([ 0, 0, 0 ]): true
2023-04-30T14:49:23.070Z ml-core:rule-mapper Set to #text from rules ([ 0, 0, 0 ]): true
2023-04-30T14:49:23.070Z ml-core:rule-mapper Set to #text from rules ([ 0, 0, 0 ]): true
2023-04-30T14:49:23.070Z ml-core:ml-dom:document Add rules to node <HEAD>
2023-04-30T14:49:23.070Z ml-core:rule-mapper Set to HEAD from rules ([ 0, 0, 0 ]): true
2023-04-30T14:49:23.070Z ml-core:rule-mapper Set to HEAD from rules ([ 0, 0, 0 ]): true
2023-04-30T14:49:23.070Z ml-core:rule-mapper Set to HEAD from rules ([ 0, 0, 0 ]): true
2023-04-30T14:49:23.070Z ml-core:rule-mapper Set to HEAD from rules ([ 0, 0, 0 ]): true
2023-04-30T14:49:23.070Z ml-core:rule-mapper Set to HEAD from rules ([ 0, 0, 0 ]): true
2023-04-30T14:49:23.070Z ml-core:rule-mapper Set to HEAD from rules ([ 0, 0, 0 ]): true
2023-04-30T14:49:23.070Z ml-core:rule-mapper Set to HEAD from rules ([ 0, 0, 0 ]): true
2023-04-30T14:49:23.071Z ml-core:rule-mapper Set to HEAD from rules ([ 0, 0, 0 ]): true
2023-04-30T14:49:23.071Z ml-core:rule-mapper Set to HEAD from rules ([ 0, 0, 0 ]): true
2023-04-30T14:49:23.071Z ml-core:rule-mapper Set to HEAD from rules ([ 0, 0, 0 ]): true
2023-04-30T14:49:23.071Z ml-core:rule-mapper Set to HEAD from rules ([ 0, 0, 0 ]): true
2023-04-30T14:49:23.071Z ml-core:rule-mapper Set to HEAD from rules ([ 0, 0, 0 ]): true
2023-04-30T14:49:23.071Z ml-core:rule-mapper Set to HEAD from rules ([ 0, 0, 0 ]): {
  options: { disallowAttrs: [ 'disallowed' ], allowAttrs: [ [Object] ] }
}
2023-04-30T14:49:23.071Z ml-core:rule-mapper Set to HEAD from rules ([ 0, 0, 0 ]): true
2023-04-30T14:49:23.071Z ml-core:rule-mapper Set to HEAD from rules ([ 0, 0, 0 ]): true
2023-04-30T14:49:23.071Z ml-core:rule-mapper Set to HEAD from rules ([ 0, 0, 0 ]): true
2023-04-30T14:49:23.071Z ml-core:rule-mapper Set to HEAD from rules ([ 0, 0, 0 ]): true
2023-04-30T14:49:23.071Z ml-core:rule-mapper Set to HEAD from rules ([ 0, 0, 0 ]): true
2023-04-30T14:49:23.072Z ml-core:rule-mapper Set to HEAD from rules ([ 0, 0, 0 ]): true
2023-04-30T14:49:23.072Z ml-core:ml-dom:document Matched nodeRule: <HEAD>(:where(head))
2023-04-30T14:49:23.072Z ml-core:ml-dom:document:rule ↑ nodeRule (required-element): [ 'meta[charset="UTF-8" i]' ]
2023-04-30T14:49:23.072Z ml-core:rule-mapper Set to HEAD from nodeRules ([ 0, 0, 0 ]): [ 'meta[charset="UTF-8" i]' ]
2023-04-30T14:49:23.074Z ml-core:ml-dom:document Matched nodeRule: <HEAD>(:where(:not(dialog, dialog *)))
2023-04-30T14:49:23.074Z ml-core:ml-dom:document:rule ↑ nodeRule (invalid-attr): {
  options: {
    disallowAttrs: [ 'disallowed', 'autofocus' ],
    allowAttrs: [ [Object] ]
  }
}
2023-04-30T14:49:23.074Z ml-core:rule-mapper Unset { from: 'rules', specificity: [ 0, 0, 0 ], rule: { options: { disallowAttrs: [Array], allowAttrs: [Array] } } } from <head>
2023-04-30T14:49:23.074Z ml-core:rule-mapper Set to HEAD from nodeRules ([ 0, 0, 0 ]): {
  options: {
    disallowAttrs: [ 'disallowed', 'autofocus' ],
    allowAttrs: [ [Object] ]
  }
}
2023-04-30T14:49:23.075Z ml-core:ml-dom:document Matched nodeRule: <HEAD>(:where(head))
2023-04-30T14:49:23.075Z ml-core:ml-dom:document:rule ↑ nodeRule (required-element): [ 'meta[charset="UTF-8" i]' ]
2023-04-30T14:49:23.075Z ml-core:rule-mapper Unset { from: 'nodeRules', specificity: [ 0, 0, 0 ], rule: [ 'meta[charset="UTF-8" i]' ] } from <head>
2023-04-30T14:49:23.075Z ml-core:rule-mapper Set to HEAD from nodeRules ([ 0, 0, 0 ]): [ 'meta[charset="UTF-8" i]' ]
2023-04-30T14:49:23.076Z ml-core:ml-dom:document Add rules to node <#text>
2023-04-30T14:49:23.076Z ml-core:rule-mapper Set to #text from rules ([ 0, 0, 0 ]): true
2023-04-30T14:49:23.076Z ml-core:rule-mapper Set to #text from rules ([ 0, 0, 0 ]): true
2023-04-30T14:49:23.076Z ml-core:rule-mapper Set to #text from rules ([ 0, 0, 0 ]): true
2023-04-30T14:49:23.076Z ml-core:rule-mapper Set to #text from rules ([ 0, 0, 0 ]): true
2023-04-30T14:49:23.076Z ml-core:rule-mapper Set to #text from rules ([ 0, 0, 0 ]): true
2023-04-30T14:49:23.077Z ml-core:rule-mapper Set to #text from rules ([ 0, 0, 0 ]): true
2023-04-30T14:49:23.077Z ml-core:rule-mapper Set to #text from rules ([ 0, 0, 0 ]): true
2023-04-30T14:49:23.077Z ml-core:rule-mapper Set to #text from rules ([ 0, 0, 0 ]): true
2023-04-30T14:49:23.077Z ml-core:rule-mapper Set to #text from rules ([ 0, 0, 0 ]): true
2023-04-30T14:49:23.077Z ml-core:rule-mapper Set to #text from rules ([ 0, 0, 0 ]): true
2023-04-30T14:49:23.077Z ml-core:rule-mapper Set to #text from rules ([ 0, 0, 0 ]): true
2023-04-30T14:49:23.077Z ml-core:rule-mapper Set to #text from rules ([ 0, 0, 0 ]): true
2023-04-30T14:49:23.077Z ml-core:rule-mapper Set to #text from rules ([ 0, 0, 0 ]): {
  options: { disallowAttrs: [ 'disallowed' ], allowAttrs: [ [Object] ] }
}
2023-04-30T14:49:23.077Z ml-core:rule-mapper Set to #text from rules ([ 0, 0, 0 ]): true
2023-04-30T14:49:23.077Z ml-core:rule-mapper Set to #text from rules ([ 0, 0, 0 ]): true
2023-04-30T14:49:23.078Z ml-core:rule-mapper Set to #text from rules ([ 0, 0, 0 ]): true
2023-04-30T14:49:23.078Z ml-core:rule-mapper Set to #text from rules ([ 0, 0, 0 ]): true
2023-04-30T14:49:23.078Z ml-core:rule-mapper Set to #text from rules ([ 0, 0, 0 ]): true
2023-04-30T14:49:23.078Z ml-core:rule-mapper Set to #text from rules ([ 0, 0, 0 ]): true
2023-04-30T14:49:23.078Z ml-core:ml-dom:document Add rules to node <META>
2023-04-30T14:49:23.078Z ml-core:rule-mapper Set to META from rules ([ 0, 0, 0 ]): true
2023-04-30T14:49:23.078Z ml-core:rule-mapper Set to META from rules ([ 0, 0, 0 ]): true
2023-04-30T14:49:23.078Z ml-core:rule-mapper Set to META from rules ([ 0, 0, 0 ]): true
2023-04-30T14:49:23.078Z ml-core:rule-mapper Set to META from rules ([ 0, 0, 0 ]): true
2023-04-30T14:49:23.078Z ml-core:rule-mapper Set to META from rules ([ 0, 0, 0 ]): true
2023-04-30T14:49:23.079Z ml-core:rule-mapper Set to META from rules ([ 0, 0, 0 ]): true
2023-04-30T14:49:23.079Z ml-core:rule-mapper Set to META from rules ([ 0, 0, 0 ]): true
2023-04-30T14:49:23.079Z ml-core:rule-mapper Set to META from rules ([ 0, 0, 0 ]): true
2023-04-30T14:49:23.079Z ml-core:rule-mapper Set to META from rules ([ 0, 0, 0 ]): true
2023-04-30T14:49:23.079Z ml-core:rule-mapper Set to META from rules ([ 0, 0, 0 ]): true
2023-04-30T14:49:23.079Z ml-core:rule-mapper Set to META from rules ([ 0, 0, 0 ]): true
2023-04-30T14:49:23.079Z ml-core:rule-mapper Set to META from rules ([ 0, 0, 0 ]): true
2023-04-30T14:49:23.079Z ml-core:rule-mapper Set to META from rules ([ 0, 0, 0 ]): {
  options: { disallowAttrs: [ 'disallowed' ], allowAttrs: [ [Object] ] }
}
2023-04-30T14:49:23.079Z ml-core:rule-mapper Set to META from rules ([ 0, 0, 0 ]): true
2023-04-30T14:49:23.079Z ml-core:rule-mapper Set to META from rules ([ 0, 0, 0 ]): true
2023-04-30T14:49:23.080Z ml-core:rule-mapper Set to META from rules ([ 0, 0, 0 ]): true
2023-04-30T14:49:23.080Z ml-core:rule-mapper Set to META from rules ([ 0, 0, 0 ]): true
2023-04-30T14:49:23.080Z ml-core:rule-mapper Set to META from rules ([ 0, 0, 0 ]): true
2023-04-30T14:49:23.080Z ml-core:rule-mapper Set to META from rules ([ 0, 0, 0 ]): true
2023-04-30T14:49:23.081Z ml-core:ml-dom:document Matched nodeRule: <META>(:where(:not(dialog, dialog *)))
2023-04-30T14:49:23.081Z ml-core:ml-dom:document:rule ↑ nodeRule (invalid-attr): {
  options: {
    disallowAttrs: [ 'disallowed', 'autofocus' ],
    allowAttrs: [ [Object] ]
  }
}
2023-04-30T14:49:23.082Z ml-core:rule-mapper Unset { from: 'rules', specificity: [ 0, 0, 0 ], rule: { options: { disallowAttrs: [Array], allowAttrs: [Array] } } } from <meta charset="UTF-8">
2023-04-30T14:49:23.082Z ml-core:rule-mapper Set to META from nodeRules ([ 0, 0, 0 ]): {
  options: {
    disallowAttrs: [ 'disallowed', 'autofocus' ],
    allowAttrs: [ [Object] ]
  }
}
2023-04-30T14:49:23.083Z ml-core:ml-dom:document Add rules to node <#text>
2023-04-30T14:49:23.083Z ml-core:rule-mapper Set to #text from rules ([ 0, 0, 0 ]): true
2023-04-30T14:49:23.083Z ml-core:rule-mapper Set to #text from rules ([ 0, 0, 0 ]): true
2023-04-30T14:49:23.083Z ml-core:rule-mapper Set to #text from rules ([ 0, 0, 0 ]): true
2023-04-30T14:49:23.083Z ml-core:rule-mapper Set to #text from rules ([ 0, 0, 0 ]): true
2023-04-30T14:49:23.083Z ml-core:rule-mapper Set to #text from rules ([ 0, 0, 0 ]): true
2023-04-30T14:49:23.083Z ml-core:rule-mapper Set to #text from rules ([ 0, 0, 0 ]): true
2023-04-30T14:49:23.083Z ml-core:rule-mapper Set to #text from rules ([ 0, 0, 0 ]): true
2023-04-30T14:49:23.083Z ml-core:rule-mapper Set to #text from rules ([ 0, 0, 0 ]): true
2023-04-30T14:49:23.084Z ml-core:rule-mapper Set to #text from rules ([ 0, 0, 0 ]): true
2023-04-30T14:49:23.084Z ml-core:rule-mapper Set to #text from rules ([ 0, 0, 0 ]): true
2023-04-30T14:49:23.084Z ml-core:rule-mapper Set to #text from rules ([ 0, 0, 0 ]): true
2023-04-30T14:49:23.084Z ml-core:rule-mapper Set to #text from rules ([ 0, 0, 0 ]): true
2023-04-30T14:49:23.084Z ml-core:rule-mapper Set to #text from rules ([ 0, 0, 0 ]): {
  options: { disallowAttrs: [ 'disallowed' ], allowAttrs: [ [Object] ] }
}
2023-04-30T14:49:23.084Z ml-core:rule-mapper Set to #text from rules ([ 0, 0, 0 ]): true
2023-04-30T14:49:23.084Z ml-core:rule-mapper Set to #text from rules ([ 0, 0, 0 ]): true
2023-04-30T14:49:23.084Z ml-core:rule-mapper Set to #text from rules ([ 0, 0, 0 ]): true
2023-04-30T14:49:23.084Z ml-core:rule-mapper Set to #text from rules ([ 0, 0, 0 ]): true
2023-04-30T14:49:23.084Z ml-core:rule-mapper Set to #text from rules ([ 0, 0, 0 ]): true
2023-04-30T14:49:23.084Z ml-core:rule-mapper Set to #text from rules ([ 0, 0, 0 ]): true
2023-04-30T14:49:23.085Z ml-core:ml-dom:document Add rules to node <META>
2023-04-30T14:49:23.085Z ml-core:rule-mapper Set to META from rules ([ 0, 0, 0 ]): true
2023-04-30T14:49:23.085Z ml-core:rule-mapper Set to META from rules ([ 0, 0, 0 ]): true
2023-04-30T14:49:23.085Z ml-core:rule-mapper Set to META from rules ([ 0, 0, 0 ]): true
2023-04-30T14:49:23.085Z ml-core:rule-mapper Set to META from rules ([ 0, 0, 0 ]): true
2023-04-30T14:49:23.085Z ml-core:rule-mapper Set to META from rules ([ 0, 0, 0 ]): true
2023-04-30T14:49:23.085Z ml-core:rule-mapper Set to META from rules ([ 0, 0, 0 ]): true
2023-04-30T14:49:23.085Z ml-core:rule-mapper Set to META from rules ([ 0, 0, 0 ]): true
2023-04-30T14:49:23.085Z ml-core:rule-mapper Set to META from rules ([ 0, 0, 0 ]): true
2023-04-30T14:49:23.085Z ml-core:rule-mapper Set to META from rules ([ 0, 0, 0 ]): true
2023-04-30T14:49:23.086Z ml-core:rule-mapper Set to META from rules ([ 0, 0, 0 ]): true
2023-04-30T14:49:23.086Z ml-core:rule-mapper Set to META from rules ([ 0, 0, 0 ]): true
2023-04-30T14:49:23.086Z ml-core:rule-mapper Set to META from rules ([ 0, 0, 0 ]): true
2023-04-30T14:49:23.086Z ml-core:rule-mapper Set to META from rules ([ 0, 0, 0 ]): {
  options: { disallowAttrs: [ 'disallowed' ], allowAttrs: [ [Object] ] }
}
2023-04-30T14:49:23.086Z ml-core:rule-mapper Set to META from rules ([ 0, 0, 0 ]): true
2023-04-30T14:49:23.086Z ml-core:rule-mapper Set to META from rules ([ 0, 0, 0 ]): true
2023-04-30T14:49:23.086Z ml-core:rule-mapper Set to META from rules ([ 0, 0, 0 ]): true
2023-04-30T14:49:23.086Z ml-core:rule-mapper Set to META from rules ([ 0, 0, 0 ]): true
2023-04-30T14:49:23.086Z ml-core:rule-mapper Set to META from rules ([ 0, 0, 0 ]): true
2023-04-30T14:49:23.086Z ml-core:rule-mapper Set to META from rules ([ 0, 0, 0 ]): true
2023-04-30T14:49:23.088Z ml-core:ml-dom:document Matched nodeRule: <META>(:where(:not(dialog, dialog *)))
2023-04-30T14:49:23.089Z ml-core:ml-dom:document:rule ↑ nodeRule (invalid-attr): {
  options: {
    disallowAttrs: [ 'disallowed', 'autofocus' ],
    allowAttrs: [ [Object] ]
  }
}
2023-04-30T14:49:23.089Z ml-core:rule-mapper Unset { from: 'rules', specificity: [ 0, 0, 0 ], rule: { options: { disallowAttrs: [Array], allowAttrs: [Array] } } } from <meta name="viewport" content="width=device-width, initial-scale=1.0">
2023-04-30T14:49:23.089Z ml-core:rule-mapper Set to META from nodeRules ([ 0, 0, 0 ]): {
  options: {
    disallowAttrs: [ 'disallowed', 'autofocus' ],
    allowAttrs: [ [Object] ]
  }
}
2023-04-30T14:49:23.091Z ml-core:ml-dom:document Add rules to node <#text>
2023-04-30T14:49:23.091Z ml-core:rule-mapper Set to #text from rules ([ 0, 0, 0 ]): true
2023-04-30T14:49:23.091Z ml-core:rule-mapper Set to #text from rules ([ 0, 0, 0 ]): true
2023-04-30T14:49:23.091Z ml-core:rule-mapper Set to #text from rules ([ 0, 0, 0 ]): true
2023-04-30T14:49:23.091Z ml-core:rule-mapper Set to #text from rules ([ 0, 0, 0 ]): true
2023-04-30T14:49:23.092Z ml-core:rule-mapper Set to #text from rules ([ 0, 0, 0 ]): true
2023-04-30T14:49:23.092Z ml-core:rule-mapper Set to #text from rules ([ 0, 0, 0 ]): true
2023-04-30T14:49:23.092Z ml-core:rule-mapper Set to #text from rules ([ 0, 0, 0 ]): true
2023-04-30T14:49:23.092Z ml-core:rule-mapper Set to #text from rules ([ 0, 0, 0 ]): true
2023-04-30T14:49:23.092Z ml-core:rule-mapper Set to #text from rules ([ 0, 0, 0 ]): true
2023-04-30T14:49:23.092Z ml-core:rule-mapper Set to #text from rules ([ 0, 0, 0 ]): true
2023-04-30T14:49:23.092Z ml-core:rule-mapper Set to #text from rules ([ 0, 0, 0 ]): true
2023-04-30T14:49:23.092Z ml-core:rule-mapper Set to #text from rules ([ 0, 0, 0 ]): true
2023-04-30T14:49:23.092Z ml-core:rule-mapper Set to #text from rules ([ 0, 0, 0 ]): {
  options: { disallowAttrs: [ 'disallowed' ], allowAttrs: [ [Object] ] }
}
2023-04-30T14:49:23.092Z ml-core:rule-mapper Set to #text from rules ([ 0, 0, 0 ]): true
2023-04-30T14:49:23.093Z ml-core:rule-mapper Set to #text from rules ([ 0, 0, 0 ]): true
2023-04-30T14:49:23.093Z ml-core:rule-mapper Set to #text from rules ([ 0, 0, 0 ]): true
2023-04-30T14:49:23.093Z ml-core:rule-mapper Set to #text from rules ([ 0, 0, 0 ]): true
2023-04-30T14:49:23.093Z ml-core:rule-mapper Set to #text from rules ([ 0, 0, 0 ]): true
2023-04-30T14:49:23.093Z ml-core:rule-mapper Set to #text from rules ([ 0, 0, 0 ]): true
2023-04-30T14:49:23.093Z ml-core:ml-dom:document Add rules to node <META>
2023-04-30T14:49:23.093Z ml-core:rule-mapper Set to META from rules ([ 0, 0, 0 ]): true
2023-04-30T14:49:23.093Z ml-core:rule-mapper Set to META from rules ([ 0, 0, 0 ]): true
2023-04-30T14:49:23.093Z ml-core:rule-mapper Set to META from rules ([ 0, 0, 0 ]): true
2023-04-30T14:49:23.093Z ml-core:rule-mapper Set to META from rules ([ 0, 0, 0 ]): true
2023-04-30T14:49:23.093Z ml-core:rule-mapper Set to META from rules ([ 0, 0, 0 ]): true
2023-04-30T14:49:23.094Z ml-core:rule-mapper Set to META from rules ([ 0, 0, 0 ]): true
2023-04-30T14:49:23.094Z ml-core:rule-mapper Set to META from rules ([ 0, 0, 0 ]): true
2023-04-30T14:49:23.094Z ml-core:rule-mapper Set to META from rules ([ 0, 0, 0 ]): true
2023-04-30T14:49:23.094Z ml-core:rule-mapper Set to META from rules ([ 0, 0, 0 ]): true
2023-04-30T14:49:23.094Z ml-core:rule-mapper Set to META from rules ([ 0, 0, 0 ]): true
2023-04-30T14:49:23.094Z ml-core:rule-mapper Set to META from rules ([ 0, 0, 0 ]): true
2023-04-30T14:49:23.094Z ml-core:rule-mapper Set to META from rules ([ 0, 0, 0 ]): true
2023-04-30T14:49:23.094Z ml-core:rule-mapper Set to META from rules ([ 0, 0, 0 ]): {
  options: { disallowAttrs: [ 'disallowed' ], allowAttrs: [ [Object] ] }
}
2023-04-30T14:49:23.094Z ml-core:rule-mapper Set to META from rules ([ 0, 0, 0 ]): true
2023-04-30T14:49:23.094Z ml-core:rule-mapper Set to META from rules ([ 0, 0, 0 ]): true
2023-04-30T14:49:23.095Z ml-core:rule-mapper Set to META from rules ([ 0, 0, 0 ]): true
2023-04-30T14:49:23.095Z ml-core:rule-mapper Set to META from rules ([ 0, 0, 0 ]): true
2023-04-30T14:49:23.095Z ml-core:rule-mapper Set to META from rules ([ 0, 0, 0 ]): true
2023-04-30T14:49:23.095Z ml-core:rule-mapper Set to META from rules ([ 0, 0, 0 ]): true
2023-04-30T14:49:23.096Z ml-core:ml-dom:document Matched nodeRule: <META>(:where(:not(dialog, dialog *)))
2023-04-30T14:49:23.097Z ml-core:ml-dom:document:rule ↑ nodeRule (invalid-attr): {
  options: {
    disallowAttrs: [ 'disallowed', 'autofocus' ],
    allowAttrs: [ [Object] ]
  }
}
2023-04-30T14:49:23.097Z ml-core:rule-mapper Unset { from: 'rules', specificity: [ 0, 0, 0 ], rule: { options: { disallowAttrs: [Array], allowAttrs: [Array] } } } from <meta http-equiv="X-UA-Compatible" content="ie=edge">
2023-04-30T14:49:23.097Z ml-core:rule-mapper Set to META from nodeRules ([ 0, 0, 0 ]): {
  options: {
    disallowAttrs: [ 'disallowed', 'autofocus' ],
    allowAttrs: [ [Object] ]
  }
}
2023-04-30T14:49:23.098Z ml-core:ml-dom:document Add rules to node <#text>
2023-04-30T14:49:23.098Z ml-core:rule-mapper Set to #text from rules ([ 0, 0, 0 ]): true
2023-04-30T14:49:23.098Z ml-core:rule-mapper Set to #text from rules ([ 0, 0, 0 ]): true
2023-04-30T14:49:23.098Z ml-core:rule-mapper Set to #text from rules ([ 0, 0, 0 ]): true
2023-04-30T14:49:23.098Z ml-core:rule-mapper Set to #text from rules ([ 0, 0, 0 ]): true
2023-04-30T14:49:23.098Z ml-core:rule-mapper Set to #text from rules ([ 0, 0, 0 ]): true
2023-04-30T14:49:23.098Z ml-core:rule-mapper Set to #text from rules ([ 0, 0, 0 ]): true
2023-04-30T14:49:23.098Z ml-core:rule-mapper Set to #text from rules ([ 0, 0, 0 ]): true
2023-04-30T14:49:23.099Z ml-core:rule-mapper Set to #text from rules ([ 0, 0, 0 ]): true
2023-04-30T14:49:23.099Z ml-core:rule-mapper Set to #text from rules ([ 0, 0, 0 ]): true
2023-04-30T14:49:23.099Z ml-core:rule-mapper Set to #text from rules ([ 0, 0, 0 ]): true
2023-04-30T14:49:23.099Z ml-core:rule-mapper Set to #text from rules ([ 0, 0, 0 ]): true
2023-04-30T14:49:23.099Z ml-core:rule-mapper Set to #text from rules ([ 0, 0, 0 ]): true
2023-04-30T14:49:23.099Z ml-core:rule-mapper Set to #text from rules ([ 0, 0, 0 ]): {
  options: { disallowAttrs: [ 'disallowed' ], allowAttrs: [ [Object] ] }
}
2023-04-30T14:49:23.099Z ml-core:rule-mapper Set to #text from rules ([ 0, 0, 0 ]): true
2023-04-30T14:49:23.099Z ml-core:rule-mapper Set to #text from rules ([ 0, 0, 0 ]): true
2023-04-30T14:49:23.099Z ml-core:rule-mapper Set to #text from rules ([ 0, 0, 0 ]): true
2023-04-30T14:49:23.099Z ml-core:rule-mapper Set to #text from rules ([ 0, 0, 0 ]): true
2023-04-30T14:49:23.099Z ml-core:rule-mapper Set to #text from rules ([ 0, 0, 0 ]): true
2023-04-30T14:49:23.100Z ml-core:rule-mapper Set to #text from rules ([ 0, 0, 0 ]): true
2023-04-30T14:49:23.100Z ml-core:ml-dom:document Add rules to node <TITLE>
2023-04-30T14:49:23.100Z ml-core:rule-mapper Set to TITLE from rules ([ 0, 0, 0 ]): true
2023-04-30T14:49:23.100Z ml-core:rule-mapper Set to TITLE from rules ([ 0, 0, 0 ]): true
2023-04-30T14:49:23.100Z ml-core:rule-mapper Set to TITLE from rules ([ 0, 0, 0 ]): true
2023-04-30T14:49:23.100Z ml-core:rule-mapper Set to TITLE from rules ([ 0, 0, 0 ]): true
2023-04-30T14:49:23.100Z ml-core:rule-mapper Set to TITLE from rules ([ 0, 0, 0 ]): true
2023-04-30T14:49:23.100Z ml-core:rule-mapper Set to TITLE from rules ([ 0, 0, 0 ]): true
2023-04-30T14:49:23.100Z ml-core:rule-mapper Set to TITLE from rules ([ 0, 0, 0 ]): true
2023-04-30T14:49:23.100Z ml-core:rule-mapper Set to TITLE from rules ([ 0, 0, 0 ]): true
2023-04-30T14:49:23.100Z ml-core:rule-mapper Set to TITLE from rules ([ 0, 0, 0 ]): true
2023-04-30T14:49:23.101Z ml-core:rule-mapper Set to TITLE from rules ([ 0, 0, 0 ]): true
2023-04-30T14:49:23.101Z ml-core:rule-mapper Set to TITLE from rules ([ 0, 0, 0 ]): true
2023-04-30T14:49:23.101Z ml-core:rule-mapper Set to TITLE from rules ([ 0, 0, 0 ]): true
2023-04-30T14:49:23.101Z ml-core:rule-mapper Set to TITLE from rules ([ 0, 0, 0 ]): {
  options: { disallowAttrs: [ 'disallowed' ], allowAttrs: [ [Object] ] }
}
2023-04-30T14:49:23.101Z ml-core:rule-mapper Set to TITLE from rules ([ 0, 0, 0 ]): true
2023-04-30T14:49:23.101Z ml-core:rule-mapper Set to TITLE from rules ([ 0, 0, 0 ]): true
2023-04-30T14:49:23.101Z ml-core:rule-mapper Set to TITLE from rules ([ 0, 0, 0 ]): true
2023-04-30T14:49:23.101Z ml-core:rule-mapper Set to TITLE from rules ([ 0, 0, 0 ]): true
2023-04-30T14:49:23.101Z ml-core:rule-mapper Set to TITLE from rules ([ 0, 0, 0 ]): true
2023-04-30T14:49:23.102Z ml-core:rule-mapper Set to TITLE from rules ([ 0, 0, 0 ]): true
2023-04-30T14:49:23.103Z ml-core:ml-dom:document Matched nodeRule: <TITLE>(:where(:not(dialog, dialog *)))
2023-04-30T14:49:23.103Z ml-core:ml-dom:document:rule ↑ nodeRule (invalid-attr): {
  options: {
    disallowAttrs: [ 'disallowed', 'autofocus' ],
    allowAttrs: [ [Object] ]
  }
}
2023-04-30T14:49:23.103Z ml-core:rule-mapper Unset { from: 'rules', specificity: [ 0, 0, 0 ], rule: { options: { disallowAttrs: [Array], allowAttrs: [Array] } } } from <title>
2023-04-30T14:49:23.103Z ml-core:rule-mapper Set to TITLE from nodeRules ([ 0, 0, 0 ]): {
  options: {
    disallowAttrs: [ 'disallowed', 'autofocus' ],
    allowAttrs: [ [Object] ]
  }
}
2023-04-30T14:49:23.105Z ml-core:ml-dom:document Add rules to node <#text>
2023-04-30T14:49:23.105Z ml-core:rule-mapper Set to #text from rules ([ 0, 0, 0 ]): true
2023-04-30T14:49:23.105Z ml-core:rule-mapper Set to #text from rules ([ 0, 0, 0 ]): true
2023-04-30T14:49:23.105Z ml-core:rule-mapper Set to #text from rules ([ 0, 0, 0 ]): true
2023-04-30T14:49:23.105Z ml-core:rule-mapper Set to #text from rules ([ 0, 0, 0 ]): true
2023-04-30T14:49:23.105Z ml-core:rule-mapper Set to #text from rules ([ 0, 0, 0 ]): true
2023-04-30T14:49:23.105Z ml-core:rule-mapper Set to #text from rules ([ 0, 0, 0 ]): true
2023-04-30T14:49:23.105Z ml-core:rule-mapper Set to #text from rules ([ 0, 0, 0 ]): true
2023-04-30T14:49:23.105Z ml-core:rule-mapper Set to #text from rules ([ 0, 0, 0 ]): true
2023-04-30T14:49:23.105Z ml-core:rule-mapper Set to #text from rules ([ 0, 0, 0 ]): true
2023-04-30T14:49:23.106Z ml-core:rule-mapper Set to #text from rules ([ 0, 0, 0 ]): true
2023-04-30T14:49:23.106Z ml-core:rule-mapper Set to #text from rules ([ 0, 0, 0 ]): true
2023-04-30T14:49:23.106Z ml-core:rule-mapper Set to #text from rules ([ 0, 0, 0 ]): true
2023-04-30T14:49:23.106Z ml-core:rule-mapper Set to #text from rules ([ 0, 0, 0 ]): {
  options: { disallowAttrs: [ 'disallowed' ], allowAttrs: [ [Object] ] }
}
2023-04-30T14:49:23.106Z ml-core:rule-mapper Set to #text from rules ([ 0, 0, 0 ]): true
2023-04-30T14:49:23.106Z ml-core:rule-mapper Set to #text from rules ([ 0, 0, 0 ]): true
2023-04-30T14:49:23.106Z ml-core:rule-mapper Set to #text from rules ([ 0, 0, 0 ]): true
2023-04-30T14:49:23.106Z ml-core:rule-mapper Set to #text from rules ([ 0, 0, 0 ]): true
2023-04-30T14:49:23.106Z ml-core:rule-mapper Set to #text from rules ([ 0, 0, 0 ]): true
2023-04-30T14:49:23.106Z ml-core:rule-mapper Set to #text from rules ([ 0, 0, 0 ]): true
2023-04-30T14:49:23.106Z ml-core:ml-dom:document Add rules to node <#text>
2023-04-30T14:49:23.107Z ml-core:rule-mapper Set to #text from rules ([ 0, 0, 0 ]): true
2023-04-30T14:49:23.107Z ml-core:rule-mapper Set to #text from rules ([ 0, 0, 0 ]): true
2023-04-30T14:49:23.107Z ml-core:rule-mapper Set to #text from rules ([ 0, 0, 0 ]): true
2023-04-30T14:49:23.107Z ml-core:rule-mapper Set to #text from rules ([ 0, 0, 0 ]): true
2023-04-30T14:49:23.107Z ml-core:rule-mapper Set to #text from rules ([ 0, 0, 0 ]): true
2023-04-30T14:49:23.107Z ml-core:rule-mapper Set to #text from rules ([ 0, 0, 0 ]): true
2023-04-30T14:49:23.107Z ml-core:rule-mapper Set to #text from rules ([ 0, 0, 0 ]): true
2023-04-30T14:49:23.107Z ml-core:rule-mapper Set to #text from rules ([ 0, 0, 0 ]): true
2023-04-30T14:49:23.107Z ml-core:rule-mapper Set to #text from rules ([ 0, 0, 0 ]): true
2023-04-30T14:49:23.107Z ml-core:rule-mapper Set to #text from rules ([ 0, 0, 0 ]): true
2023-04-30T14:49:23.107Z ml-core:rule-mapper Set to #text from rules ([ 0, 0, 0 ]): true
2023-04-30T14:49:23.108Z ml-core:rule-mapper Set to #text from rules ([ 0, 0, 0 ]): true
2023-04-30T14:49:23.108Z ml-core:rule-mapper Set to #text from rules ([ 0, 0, 0 ]): {
  options: { disallowAttrs: [ 'disallowed' ], allowAttrs: [ [Object] ] }
}
2023-04-30T14:49:23.108Z ml-core:rule-mapper Set to #text from rules ([ 0, 0, 0 ]): true
2023-04-30T14:49:23.108Z ml-core:rule-mapper Set to #text from rules ([ 0, 0, 0 ]): true
2023-04-30T14:49:23.108Z ml-core:rule-mapper Set to #text from rules ([ 0, 0, 0 ]): true
2023-04-30T14:49:23.108Z ml-core:rule-mapper Set to #text from rules ([ 0, 0, 0 ]): true
2023-04-30T14:49:23.108Z ml-core:rule-mapper Set to #text from rules ([ 0, 0, 0 ]): true
2023-04-30T14:49:23.108Z ml-core:rule-mapper Set to #text from rules ([ 0, 0, 0 ]): true
2023-04-30T14:49:23.108Z ml-core:ml-dom:document Add rules to node <#text>
2023-04-30T14:49:23.108Z ml-core:rule-mapper Set to #text from rules ([ 0, 0, 0 ]): true
2023-04-30T14:49:23.108Z ml-core:rule-mapper Set to #text from rules ([ 0, 0, 0 ]): true
2023-04-30T14:49:23.109Z ml-core:rule-mapper Set to #text from rules ([ 0, 0, 0 ]): true
2023-04-30T14:49:23.109Z ml-core:rule-mapper Set to #text from rules ([ 0, 0, 0 ]): true
2023-04-30T14:49:23.109Z ml-core:rule-mapper Set to #text from rules ([ 0, 0, 0 ]): true
2023-04-30T14:49:23.109Z ml-core:rule-mapper Set to #text from rules ([ 0, 0, 0 ]): true
2023-04-30T14:49:23.109Z ml-core:rule-mapper Set to #text from rules ([ 0, 0, 0 ]): true
2023-04-30T14:49:23.109Z ml-core:rule-mapper Set to #text from rules ([ 0, 0, 0 ]): true
2023-04-30T14:49:23.109Z ml-core:rule-mapper Set to #text from rules ([ 0, 0, 0 ]): true
2023-04-30T14:49:23.109Z ml-core:rule-mapper Set to #text from rules ([ 0, 0, 0 ]): true
2023-04-30T14:49:23.109Z ml-core:rule-mapper Set to #text from rules ([ 0, 0, 0 ]): true
2023-04-30T14:49:23.109Z ml-core:rule-mapper Set to #text from rules ([ 0, 0, 0 ]): true
2023-04-30T14:49:23.110Z ml-core:rule-mapper Set to #text from rules ([ 0, 0, 0 ]): {
  options: { disallowAttrs: [ 'disallowed' ], allowAttrs: [ [Object] ] }
}
2023-04-30T14:49:23.110Z ml-core:rule-mapper Set to #text from rules ([ 0, 0, 0 ]): true
2023-04-30T14:49:23.110Z ml-core:rule-mapper Set to #text from rules ([ 0, 0, 0 ]): true
2023-04-30T14:49:23.110Z ml-core:rule-mapper Set to #text from rules ([ 0, 0, 0 ]): true
2023-04-30T14:49:23.110Z ml-core:rule-mapper Set to #text from rules ([ 0, 0, 0 ]): true
2023-04-30T14:49:23.110Z ml-core:rule-mapper Set to #text from rules ([ 0, 0, 0 ]): true
2023-04-30T14:49:23.110Z ml-core:rule-mapper Set to #text from rules ([ 0, 0, 0 ]): true
2023-04-30T14:49:23.110Z ml-core:ml-dom:document Add rules to node <BODY>
2023-04-30T14:49:23.110Z ml-core:rule-mapper Set to BODY from rules ([ 0, 0, 0 ]): true
2023-04-30T14:49:23.110Z ml-core:rule-mapper Set to BODY from rules ([ 0, 0, 0 ]): true
2023-04-30T14:49:23.110Z ml-core:rule-mapper Set to BODY from rules ([ 0, 0, 0 ]): true
2023-04-30T14:49:23.111Z ml-core:rule-mapper Set to BODY from rules ([ 0, 0, 0 ]): true
2023-04-30T14:49:23.111Z ml-core:rule-mapper Set to BODY from rules ([ 0, 0, 0 ]): true
2023-04-30T14:49:23.111Z ml-core:rule-mapper Set to BODY from rules ([ 0, 0, 0 ]): true
2023-04-30T14:49:23.111Z ml-core:rule-mapper Set to BODY from rules ([ 0, 0, 0 ]): true
2023-04-30T14:49:23.111Z ml-core:rule-mapper Set to BODY from rules ([ 0, 0, 0 ]): true
2023-04-30T14:49:23.111Z ml-core:rule-mapper Set to BODY from rules ([ 0, 0, 0 ]): true
2023-04-30T14:49:23.111Z ml-core:rule-mapper Set to BODY from rules ([ 0, 0, 0 ]): true
2023-04-30T14:49:23.111Z ml-core:rule-mapper Set to BODY from rules ([ 0, 0, 0 ]): true
2023-04-30T14:49:23.111Z ml-core:rule-mapper Set to BODY from rules ([ 0, 0, 0 ]): true
2023-04-30T14:49:23.111Z ml-core:rule-mapper Set to BODY from rules ([ 0, 0, 0 ]): {
  options: { disallowAttrs: [ 'disallowed' ], allowAttrs: [ [Object] ] }
}
2023-04-30T14:49:23.112Z ml-core:rule-mapper Set to BODY from rules ([ 0, 0, 0 ]): true
2023-04-30T14:49:23.112Z ml-core:rule-mapper Set to BODY from rules ([ 0, 0, 0 ]): true
2023-04-30T14:49:23.112Z ml-core:rule-mapper Set to BODY from rules ([ 0, 0, 0 ]): true
2023-04-30T14:49:23.112Z ml-core:rule-mapper Set to BODY from rules ([ 0, 0, 0 ]): true
2023-04-30T14:49:23.112Z ml-core:rule-mapper Set to BODY from rules ([ 0, 0, 0 ]): true
2023-04-30T14:49:23.112Z ml-core:rule-mapper Set to BODY from rules ([ 0, 0, 0 ]): true
2023-04-30T14:49:23.113Z ml-core:ml-dom:document Matched nodeRule: <BODY>(:where(:not(dialog, dialog *)))
2023-04-30T14:49:23.114Z ml-core:ml-dom:document:rule ↑ nodeRule (invalid-attr): {
  options: {
    disallowAttrs: [ 'disallowed', 'autofocus' ],
    allowAttrs: [ [Object] ]
  }
}
2023-04-30T14:49:23.114Z ml-core:rule-mapper Unset { from: 'rules', specificity: [ 0, 0, 0 ], rule: { options: { disallowAttrs: [Array], allowAttrs: [Array] } } } from <body>
2023-04-30T14:49:23.114Z ml-core:rule-mapper Set to BODY from nodeRules ([ 0, 0, 0 ]): {
  options: {
    disallowAttrs: [ 'disallowed', 'autofocus' ],
    allowAttrs: [ [Object] ]
  }
}
2023-04-30T14:49:23.115Z ml-core:ml-dom:document Add rules to node <#text>
2023-04-30T14:49:23.115Z ml-core:rule-mapper Set to #text from rules ([ 0, 0, 0 ]): true
2023-04-30T14:49:23.115Z ml-core:rule-mapper Set to #text from rules ([ 0, 0, 0 ]): true
2023-04-30T14:49:23.115Z ml-core:rule-mapper Set to #text from rules ([ 0, 0, 0 ]): true
2023-04-30T14:49:23.115Z ml-core:rule-mapper Set to #text from rules ([ 0, 0, 0 ]): true
2023-04-30T14:49:23.115Z ml-core:rule-mapper Set to #text from rules ([ 0, 0, 0 ]): true
2023-04-30T14:49:23.115Z ml-core:rule-mapper Set to #text from rules ([ 0, 0, 0 ]): true
2023-04-30T14:49:23.116Z ml-core:rule-mapper Set to #text from rules ([ 0, 0, 0 ]): true
2023-04-30T14:49:23.116Z ml-core:rule-mapper Set to #text from rules ([ 0, 0, 0 ]): true
2023-04-30T14:49:23.116Z ml-core:rule-mapper Set to #text from rules ([ 0, 0, 0 ]): true
2023-04-30T14:49:23.116Z ml-core:rule-mapper Set to #text from rules ([ 0, 0, 0 ]): true
2023-04-30T14:49:23.116Z ml-core:rule-mapper Set to #text from rules ([ 0, 0, 0 ]): true
2023-04-30T14:49:23.116Z ml-core:rule-mapper Set to #text from rules ([ 0, 0, 0 ]): true
2023-04-30T14:49:23.116Z ml-core:rule-mapper Set to #text from rules ([ 0, 0, 0 ]): {
  options: { disallowAttrs: [ 'disallowed' ], allowAttrs: [ [Object] ] }
}
2023-04-30T14:49:23.116Z ml-core:rule-mapper Set to #text from rules ([ 0, 0, 0 ]): true
2023-04-30T14:49:23.116Z ml-core:rule-mapper Set to #text from rules ([ 0, 0, 0 ]): true
2023-04-30T14:49:23.116Z ml-core:rule-mapper Set to #text from rules ([ 0, 0, 0 ]): true
2023-04-30T14:49:23.116Z ml-core:rule-mapper Set to #text from rules ([ 0, 0, 0 ]): true
2023-04-30T14:49:23.116Z ml-core:rule-mapper Set to #text from rules ([ 0, 0, 0 ]): true
2023-04-30T14:49:23.116Z ml-core:rule-mapper Set to #text from rules ([ 0, 0, 0 ]): true
2023-04-30T14:49:23.117Z ml-core:ml-dom:document Add rules to node <H2>
2023-04-30T14:49:23.117Z ml-core:rule-mapper Set to H2 from rules ([ 0, 0, 0 ]): true
2023-04-30T14:49:23.117Z ml-core:rule-mapper Set to H2 from rules ([ 0, 0, 0 ]): true
2023-04-30T14:49:23.117Z ml-core:rule-mapper Set to H2 from rules ([ 0, 0, 0 ]): true
2023-04-30T14:49:23.117Z ml-core:rule-mapper Set to H2 from rules ([ 0, 0, 0 ]): true
2023-04-30T14:49:23.117Z ml-core:rule-mapper Set to H2 from rules ([ 0, 0, 0 ]): true
2023-04-30T14:49:23.117Z ml-core:rule-mapper Set to H2 from rules ([ 0, 0, 0 ]): true
2023-04-30T14:49:23.117Z ml-core:rule-mapper Set to H2 from rules ([ 0, 0, 0 ]): true
2023-04-30T14:49:23.117Z ml-core:rule-mapper Set to H2 from rules ([ 0, 0, 0 ]): true
2023-04-30T14:49:23.117Z ml-core:rule-mapper Set to H2 from rules ([ 0, 0, 0 ]): true
2023-04-30T14:49:23.117Z ml-core:rule-mapper Set to H2 from rules ([ 0, 0, 0 ]): true
2023-04-30T14:49:23.117Z ml-core:rule-mapper Set to H2 from rules ([ 0, 0, 0 ]): true
2023-04-30T14:49:23.117Z ml-core:rule-mapper Set to H2 from rules ([ 0, 0, 0 ]): true
2023-04-30T14:49:23.118Z ml-core:rule-mapper Set to H2 from rules ([ 0, 0, 0 ]): {
  options: { disallowAttrs: [ 'disallowed' ], allowAttrs: [ [Object] ] }
}
2023-04-30T14:49:23.118Z ml-core:rule-mapper Set to H2 from rules ([ 0, 0, 0 ]): true
2023-04-30T14:49:23.118Z ml-core:rule-mapper Set to H2 from rules ([ 0, 0, 0 ]): true
2023-04-30T14:49:23.118Z ml-core:rule-mapper Set to H2 from rules ([ 0, 0, 0 ]): true
2023-04-30T14:49:23.118Z ml-core:rule-mapper Set to H2 from rules ([ 0, 0, 0 ]): true
2023-04-30T14:49:23.118Z ml-core:rule-mapper Set to H2 from rules ([ 0, 0, 0 ]): true
2023-04-30T14:49:23.118Z ml-core:rule-mapper Set to H2 from rules ([ 0, 0, 0 ]): true
2023-04-30T14:49:23.119Z ml-core:ml-dom:document Matched nodeRule: <H2>(h1, h2, h3, h4, h5, h6)
2023-04-30T14:49:23.119Z ml-core:ml-dom:document:rule ↑ nodeRule (disallowed-element): {
  value: [ 'small' ],
  reason: 'The small element must not be used for subheadings. https://html.spec.whatwg.org/multipage/text-level-semantics.html#the-small-element'
}
2023-04-30T14:49:23.119Z ml-core:rule-mapper Set to H2 from nodeRules ([ 0, 0, 1 ]): {
  value: [ 'small' ],
  reason: 'The small element must not be used for subheadings. https://html.spec.whatwg.org/multipage/text-level-semantics.html#the-small-element'
}
2023-04-30T14:49:23.121Z ml-core:ml-dom:document Matched nodeRule: <H2>(:where(:not(dialog, dialog *)))
2023-04-30T14:49:23.121Z ml-core:ml-dom:document:rule ↑ nodeRule (invalid-attr): {
  options: {
    disallowAttrs: [ 'disallowed', 'autofocus' ],
    allowAttrs: [ [Object] ]
  }
}
2023-04-30T14:49:23.121Z ml-core:rule-mapper Unset { from: 'rules', specificity: [ 0, 0, 0 ], rule: { options: { disallowAttrs: [Array], allowAttrs: [Array] } } } from <h2>
2023-04-30T14:49:23.122Z ml-core:rule-mapper Set to H2 from nodeRules ([ 0, 0, 0 ]): {
  options: {
    disallowAttrs: [ 'disallowed', 'autofocus' ],
    allowAttrs: [ [Object] ]
  }
}
2023-04-30T14:49:23.123Z ml-core:ml-dom:document Add rules to node <#text>
2023-04-30T14:49:23.123Z ml-core:rule-mapper Set to #text from rules ([ 0, 0, 0 ]): true
2023-04-30T14:49:23.123Z ml-core:rule-mapper Set to #text from rules ([ 0, 0, 0 ]): true
2023-04-30T14:49:23.123Z ml-core:rule-mapper Set to #text from rules ([ 0, 0, 0 ]): true
2023-04-30T14:49:23.123Z ml-core:rule-mapper Set to #text from rules ([ 0, 0, 0 ]): true
2023-04-30T14:49:23.123Z ml-core:rule-mapper Set to #text from rules ([ 0, 0, 0 ]): true
2023-04-30T14:49:23.123Z ml-core:rule-mapper Set to #text from rules ([ 0, 0, 0 ]): true
2023-04-30T14:49:23.123Z ml-core:rule-mapper Set to #text from rules ([ 0, 0, 0 ]): true
2023-04-30T14:49:23.123Z ml-core:rule-mapper Set to #text from rules ([ 0, 0, 0 ]): true
2023-04-30T14:49:23.123Z ml-core:rule-mapper Set to #text from rules ([ 0, 0, 0 ]): true
2023-04-30T14:49:23.124Z ml-core:rule-mapper Set to #text from rules ([ 0, 0, 0 ]): true
2023-04-30T14:49:23.124Z ml-core:rule-mapper Set to #text from rules ([ 0, 0, 0 ]): true
2023-04-30T14:49:23.124Z ml-core:rule-mapper Set to #text from rules ([ 0, 0, 0 ]): true
2023-04-30T14:49:23.124Z ml-core:rule-mapper Set to #text from rules ([ 0, 0, 0 ]): {
  options: { disallowAttrs: [ 'disallowed' ], allowAttrs: [ [Object] ] }
}
2023-04-30T14:49:23.124Z ml-core:rule-mapper Set to #text from rules ([ 0, 0, 0 ]): true
2023-04-30T14:49:23.124Z ml-core:rule-mapper Set to #text from rules ([ 0, 0, 0 ]): true
2023-04-30T14:49:23.124Z ml-core:rule-mapper Set to #text from rules ([ 0, 0, 0 ]): true
2023-04-30T14:49:23.124Z ml-core:rule-mapper Set to #text from rules ([ 0, 0, 0 ]): true
2023-04-30T14:49:23.124Z ml-core:rule-mapper Set to #text from rules ([ 0, 0, 0 ]): true
2023-04-30T14:49:23.124Z ml-core:rule-mapper Set to #text from rules ([ 0, 0, 0 ]): true
2023-04-30T14:49:23.124Z ml-core:ml-dom:document Add rules to node <#text>
2023-04-30T14:49:23.125Z ml-core:rule-mapper Set to #text from rules ([ 0, 0, 0 ]): true
2023-04-30T14:49:23.125Z ml-core:rule-mapper Set to #text from rules ([ 0, 0, 0 ]): true
2023-04-30T14:49:23.125Z ml-core:rule-mapper Set to #text from rules ([ 0, 0, 0 ]): true
2023-04-30T14:49:23.125Z ml-core:rule-mapper Set to #text from rules ([ 0, 0, 0 ]): true
2023-04-30T14:49:23.125Z ml-core:rule-mapper Set to #text from rules ([ 0, 0, 0 ]): true
2023-04-30T14:49:23.125Z ml-core:rule-mapper Set to #text from rules ([ 0, 0, 0 ]): true
2023-04-30T14:49:23.125Z ml-core:rule-mapper Set to #text from rules ([ 0, 0, 0 ]): true
2023-04-30T14:49:23.125Z ml-core:rule-mapper Set to #text from rules ([ 0, 0, 0 ]): true
2023-04-30T14:49:23.125Z ml-core:rule-mapper Set to #text from rules ([ 0, 0, 0 ]): true
2023-04-30T14:49:23.125Z ml-core:rule-mapper Set to #text from rules ([ 0, 0, 0 ]): true
2023-04-30T14:49:23.126Z ml-core:rule-mapper Set to #text from rules ([ 0, 0, 0 ]): true
2023-04-30T14:49:23.126Z ml-core:rule-mapper Set to #text from rules ([ 0, 0, 0 ]): true
2023-04-30T14:49:23.126Z ml-core:rule-mapper Set to #text from rules ([ 0, 0, 0 ]): {
  options: { disallowAttrs: [ 'disallowed' ], allowAttrs: [ [Object] ] }
}
2023-04-30T14:49:23.126Z ml-core:rule-mapper Set to #text from rules ([ 0, 0, 0 ]): true
2023-04-30T14:49:23.126Z ml-core:rule-mapper Set to #text from rules ([ 0, 0, 0 ]): true
2023-04-30T14:49:23.126Z ml-core:rule-mapper Set to #text from rules ([ 0, 0, 0 ]): true
2023-04-30T14:49:23.126Z ml-core:rule-mapper Set to #text from rules ([ 0, 0, 0 ]): true
2023-04-30T14:49:23.126Z ml-core:rule-mapper Set to #text from rules ([ 0, 0, 0 ]): true
2023-04-30T14:49:23.126Z ml-core:rule-mapper Set to #text from rules ([ 0, 0, 0 ]): true
2023-04-30T14:49:23.126Z ml-core:ml-dom:document Add rules to node <#text>
2023-04-30T14:49:23.127Z ml-core:rule-mapper Set to #text from rules ([ 0, 0, 0 ]): true
2023-04-30T14:49:23.127Z ml-core:rule-mapper Set to #text from rules ([ 0, 0, 0 ]): true
2023-04-30T14:49:23.127Z ml-core:rule-mapper Set to #text from rules ([ 0, 0, 0 ]): true
2023-04-30T14:49:23.127Z ml-core:rule-mapper Set to #text from rules ([ 0, 0, 0 ]): true
2023-04-30T14:49:23.127Z ml-core:rule-mapper Set to #text from rules ([ 0, 0, 0 ]): true
2023-04-30T14:49:23.127Z ml-core:rule-mapper Set to #text from rules ([ 0, 0, 0 ]): true
2023-04-30T14:49:23.127Z ml-core:rule-mapper Set to #text from rules ([ 0, 0, 0 ]): true
2023-04-30T14:49:23.127Z ml-core:rule-mapper Set to #text from rules ([ 0, 0, 0 ]): true
2023-04-30T14:49:23.127Z ml-core:rule-mapper Set to #text from rules ([ 0, 0, 0 ]): true
2023-04-30T14:49:23.127Z ml-core:rule-mapper Set to #text from rules ([ 0, 0, 0 ]): true
2023-04-30T14:49:23.127Z ml-core:rule-mapper Set to #text from rules ([ 0, 0, 0 ]): true
2023-04-30T14:49:23.128Z ml-core:rule-mapper Set to #text from rules ([ 0, 0, 0 ]): true
2023-04-30T14:49:23.128Z ml-core:rule-mapper Set to #text from rules ([ 0, 0, 0 ]): {
  options: { disallowAttrs: [ 'disallowed' ], allowAttrs: [ [Object] ] }
}
2023-04-30T14:49:23.128Z ml-core:rule-mapper Set to #text from rules ([ 0, 0, 0 ]): true
2023-04-30T14:49:23.128Z ml-core:rule-mapper Set to #text from rules ([ 0, 0, 0 ]): true
2023-04-30T14:49:23.128Z ml-core:rule-mapper Set to #text from rules ([ 0, 0, 0 ]): true
2023-04-30T14:49:23.128Z ml-core:rule-mapper Set to #text from rules ([ 0, 0, 0 ]): true
2023-04-30T14:49:23.128Z ml-core:rule-mapper Set to #text from rules ([ 0, 0, 0 ]): true
2023-04-30T14:49:23.128Z ml-core:rule-mapper Set to #text from rules ([ 0, 0, 0 ]): true
2023-04-30T14:49:23.128Z ml-core:ml-dom:document Add rules to node <#text>
2023-04-30T14:49:23.128Z ml-core:rule-mapper Set to #text from rules ([ 0, 0, 0 ]): true
2023-04-30T14:49:23.129Z ml-core:rule-mapper Set to #text from rules ([ 0, 0, 0 ]): true
2023-04-30T14:49:23.129Z ml-core:rule-mapper Set to #text from rules ([ 0, 0, 0 ]): true
2023-04-30T14:49:23.129Z ml-core:rule-mapper Set to #text from rules ([ 0, 0, 0 ]): true
2023-04-30T14:49:23.129Z ml-core:rule-mapper Set to #text from rules ([ 0, 0, 0 ]): true
2023-04-30T14:49:23.129Z ml-core:rule-mapper Set to #text from rules ([ 0, 0, 0 ]): true
2023-04-30T14:49:23.129Z ml-core:rule-mapper Set to #text from rules ([ 0, 0, 0 ]): true
2023-04-30T14:49:23.129Z ml-core:rule-mapper Set to #text from rules ([ 0, 0, 0 ]): true
2023-04-30T14:49:23.129Z ml-core:rule-mapper Set to #text from rules ([ 0, 0, 0 ]): true
2023-04-30T14:49:23.129Z ml-core:rule-mapper Set to #text from rules ([ 0, 0, 0 ]): true
2023-04-30T14:49:23.129Z ml-core:rule-mapper Set to #text from rules ([ 0, 0, 0 ]): true
2023-04-30T14:49:23.129Z ml-core:rule-mapper Set to #text from rules ([ 0, 0, 0 ]): true
2023-04-30T14:49:23.130Z ml-core:rule-mapper Set to #text from rules ([ 0, 0, 0 ]): {
  options: { disallowAttrs: [ 'disallowed' ], allowAttrs: [ [Object] ] }
}
2023-04-30T14:49:23.130Z ml-core:rule-mapper Set to #text from rules ([ 0, 0, 0 ]): true
2023-04-30T14:49:23.130Z ml-core:rule-mapper Set to #text from rules ([ 0, 0, 0 ]): true
2023-04-30T14:49:23.130Z ml-core:rule-mapper Set to #text from rules ([ 0, 0, 0 ]): true
2023-04-30T14:49:23.130Z ml-core:rule-mapper Set to #text from rules ([ 0, 0, 0 ]): true
2023-04-30T14:49:23.130Z ml-core:rule-mapper Set to #text from rules ([ 0, 0, 0 ]): true
2023-04-30T14:49:23.130Z ml-core:rule-mapper Set to #text from rules ([ 0, 0, 0 ]): true
2023-04-30T14:49:23.130Z ml-core:rule-mapper ruleTree:
2023-04-30T14:49:23.130Z ml-core:rule-mapper:node <#document>
2023-04-30T14:49:23.131Z ml-core:rule-mapper:node:rule [from: rules([ 0, 0, 0 ])] attr-duplication: true
2023-04-30T14:49:23.131Z ml-core:rule-mapper:node:rule [from: rules([ 0, 0, 0 ])] character-reference: true
2023-04-30T14:49:23.131Z ml-core:rule-mapper:node:rule [from: rules([ 0, 0, 0 ])] deprecated-attr: true
2023-04-30T14:49:23.131Z ml-core:rule-mapper:node:rule [from: rules([ 0, 0, 0 ])] deprecated-element: true
2023-04-30T14:49:23.131Z ml-core:rule-mapper:node:rule [from: rules([ 0, 0, 0 ])] doctype: true
2023-04-30T14:49:23.131Z ml-core:rule-mapper:node:rule [from: rules([ 0, 0, 0 ])] id-duplication: true
2023-04-30T14:49:23.131Z ml-core:rule-mapper:node:rule [from: rules([ 0, 0, 0 ])] ineffective-attr: true
2023-04-30T14:49:23.131Z ml-core:rule-mapper:node:rule [from: rules([ 0, 0, 0 ])] no-refer-to-non-existent-id: true
2023-04-30T14:49:23.132Z ml-core:rule-mapper:node:rule [from: rules([ 0, 0, 0 ])] permitted-contents: true
2023-04-30T14:49:23.132Z ml-core:rule-mapper:node:rule [from: rules([ 0, 0, 0 ])] placeholder-label-option: true
2023-04-30T14:49:23.132Z ml-core:rule-mapper:node:rule [from: rules([ 0, 0, 0 ])] require-datetime: true
2023-04-30T14:49:23.132Z ml-core:rule-mapper:node:rule [from: rules([ 0, 0, 0 ])] required-attr: true
2023-04-30T14:49:23.132Z ml-core:rule-mapper:node:rule [from: rules([ 0, 0, 0 ])] invalid-attr: { options: { disallowAttrs: [ 'disallowed' ], allowAttrs: [ [Object] ] } }
2023-04-30T14:49:23.132Z ml-core:rule-mapper:node:rule [from: rules([ 0, 0, 0 ])] label-has-control: true
2023-04-30T14:49:23.132Z ml-core:rule-mapper:node:rule [from: rules([ 0, 0, 0 ])] landmark-roles: true
2023-04-30T14:49:23.132Z ml-core:rule-mapper:node:rule [from: rules([ 0, 0, 0 ])] require-accessible-name: true
2023-04-30T14:49:23.132Z ml-core:rule-mapper:node:rule [from: rules([ 0, 0, 0 ])] required-h1: true
2023-04-30T14:49:23.133Z ml-core:rule-mapper:node:rule [from: rules([ 0, 0, 0 ])] use-list: true
2023-04-30T14:49:23.133Z ml-core:rule-mapper:node:rule [from: rules([ 0, 0, 0 ])] wai-aria: true
2023-04-30T14:49:23.133Z ml-core:rule-mapper:node <HTML>
2023-04-30T14:49:23.133Z ml-core:rule-mapper:node:rule [from: rules([ 0, 0, 0 ])] attr-duplication: true
2023-04-30T14:49:23.133Z ml-core:rule-mapper:node:rule [from: rules([ 0, 0, 0 ])] character-reference: true
2023-04-30T14:49:23.133Z ml-core:rule-mapper:node:rule [from: rules([ 0, 0, 0 ])] deprecated-attr: true
2023-04-30T14:49:23.133Z ml-core:rule-mapper:node:rule [from: rules([ 0, 0, 0 ])] deprecated-element: true
2023-04-30T14:49:23.133Z ml-core:rule-mapper:node:rule [from: rules([ 0, 0, 0 ])] doctype: true
2023-04-30T14:49:23.133Z ml-core:rule-mapper:node:rule [from: rules([ 0, 0, 0 ])] id-duplication: true
2023-04-30T14:49:23.133Z ml-core:rule-mapper:node:rule [from: rules([ 0, 0, 0 ])] ineffective-attr: true
2023-04-30T14:49:23.134Z ml-core:rule-mapper:node:rule [from: rules([ 0, 0, 0 ])] no-refer-to-non-existent-id: true
2023-04-30T14:49:23.134Z ml-core:rule-mapper:node:rule [from: rules([ 0, 0, 0 ])] permitted-contents: true
2023-04-30T14:49:23.134Z ml-core:rule-mapper:node:rule [from: rules([ 0, 0, 0 ])] placeholder-label-option: true
2023-04-30T14:49:23.134Z ml-core:rule-mapper:node:rule [from: rules([ 0, 0, 0 ])] require-datetime: true
2023-04-30T14:49:23.134Z ml-core:rule-mapper:node:rule [from: nodeRules([ 0, 0, 0 ])] required-attr: [ 'lang' ]
2023-04-30T14:49:23.134Z ml-core:rule-mapper:node:rule [from: nodeRules([ 0, 0, 0 ])] invalid-attr: { options: { disallowAttrs: [ 'disallowed', 'autofocus' ], allowAttrs: [ [Object] ] } }
2023-04-30T14:49:23.134Z ml-core:rule-mapper:node:rule [from: rules([ 0, 0, 0 ])] label-has-control: true
2023-04-30T14:49:23.134Z ml-core:rule-mapper:node:rule [from: rules([ 0, 0, 0 ])] landmark-roles: true
2023-04-30T14:49:23.134Z ml-core:rule-mapper:node:rule [from: rules([ 0, 0, 0 ])] require-accessible-name: true
2023-04-30T14:49:23.134Z ml-core:rule-mapper:node:rule [from: rules([ 0, 0, 0 ])] required-h1: true
2023-04-30T14:49:23.135Z ml-core:rule-mapper:node:rule [from: rules([ 0, 0, 0 ])] use-list: true
2023-04-30T14:49:23.135Z ml-core:rule-mapper:node:rule [from: rules([ 0, 0, 0 ])] wai-aria: true
2023-04-30T14:49:23.135Z ml-core:rule-mapper:node <#text>
2023-04-30T14:49:23.135Z ml-core:rule-mapper:node:rule [from: rules([ 0, 0, 0 ])] attr-duplication: true
2023-04-30T14:49:23.135Z ml-core:rule-mapper:node:rule [from: rules([ 0, 0, 0 ])] character-reference: true
2023-04-30T14:49:23.135Z ml-core:rule-mapper:node:rule [from: rules([ 0, 0, 0 ])] deprecated-attr: true
2023-04-30T14:49:23.135Z ml-core:rule-mapper:node:rule [from: rules([ 0, 0, 0 ])] deprecated-element: true
2023-04-30T14:49:23.135Z ml-core:rule-mapper:node:rule [from: rules([ 0, 0, 0 ])] doctype: true
2023-04-30T14:49:23.135Z ml-core:rule-mapper:node:rule [from: rules([ 0, 0, 0 ])] id-duplication: true
2023-04-30T14:49:23.135Z ml-core:rule-mapper:node:rule [from: rules([ 0, 0, 0 ])] ineffective-attr: true
2023-04-30T14:49:23.135Z ml-core:rule-mapper:node:rule [from: rules([ 0, 0, 0 ])] no-refer-to-non-existent-id: true
2023-04-30T14:49:23.136Z ml-core:rule-mapper:node:rule [from: rules([ 0, 0, 0 ])] permitted-contents: true
2023-04-30T14:49:23.136Z ml-core:rule-mapper:node:rule [from: rules([ 0, 0, 0 ])] placeholder-label-option: true
2023-04-30T14:49:23.136Z ml-core:rule-mapper:node:rule [from: rules([ 0, 0, 0 ])] require-datetime: true
2023-04-30T14:49:23.136Z ml-core:rule-mapper:node:rule [from: rules([ 0, 0, 0 ])] required-attr: true
2023-04-30T14:49:23.136Z ml-core:rule-mapper:node:rule [from: rules([ 0, 0, 0 ])] invalid-attr: { options: { disallowAttrs: [ 'disallowed' ], allowAttrs: [ [Object] ] } }
2023-04-30T14:49:23.136Z ml-core:rule-mapper:node:rule [from: rules([ 0, 0, 0 ])] label-has-control: true
2023-04-30T14:49:23.136Z ml-core:rule-mapper:node:rule [from: rules([ 0, 0, 0 ])] landmark-roles: true
2023-04-30T14:49:23.136Z ml-core:rule-mapper:node:rule [from: rules([ 0, 0, 0 ])] require-accessible-name: true
2023-04-30T14:49:23.136Z ml-core:rule-mapper:node:rule [from: rules([ 0, 0, 0 ])] required-h1: true
2023-04-30T14:49:23.136Z ml-core:rule-mapper:node:rule [from: rules([ 0, 0, 0 ])] use-list: true
2023-04-30T14:49:23.136Z ml-core:rule-mapper:node:rule [from: rules([ 0, 0, 0 ])] wai-aria: true
2023-04-30T14:49:23.137Z ml-core:rule-mapper:node <HEAD>
2023-04-30T14:49:23.137Z ml-core:rule-mapper:node:rule [from: rules([ 0, 0, 0 ])] attr-duplication: true
2023-04-30T14:49:23.137Z ml-core:rule-mapper:node:rule [from: rules([ 0, 0, 0 ])] character-reference: true
2023-04-30T14:49:23.137Z ml-core:rule-mapper:node:rule [from: rules([ 0, 0, 0 ])] deprecated-attr: true
2023-04-30T14:49:23.137Z ml-core:rule-mapper:node:rule [from: rules([ 0, 0, 0 ])] deprecated-element: true
2023-04-30T14:49:23.137Z ml-core:rule-mapper:node:rule [from: rules([ 0, 0, 0 ])] doctype: true
2023-04-30T14:49:23.137Z ml-core:rule-mapper:node:rule [from: rules([ 0, 0, 0 ])] id-duplication: true
2023-04-30T14:49:23.137Z ml-core:rule-mapper:node:rule [from: rules([ 0, 0, 0 ])] ineffective-attr: true
2023-04-30T14:49:23.137Z ml-core:rule-mapper:node:rule [from: rules([ 0, 0, 0 ])] no-refer-to-non-existent-id: true
2023-04-30T14:49:23.137Z ml-core:rule-mapper:node:rule [from: rules([ 0, 0, 0 ])] permitted-contents: true
2023-04-30T14:49:23.138Z ml-core:rule-mapper:node:rule [from: rules([ 0, 0, 0 ])] placeholder-label-option: true
2023-04-30T14:49:23.138Z ml-core:rule-mapper:node:rule [from: rules([ 0, 0, 0 ])] require-datetime: true
2023-04-30T14:49:23.138Z ml-core:rule-mapper:node:rule [from: rules([ 0, 0, 0 ])] required-attr: true
2023-04-30T14:49:23.138Z ml-core:rule-mapper:node:rule [from: nodeRules([ 0, 0, 0 ])] invalid-attr: { options: { disallowAttrs: [ 'disallowed', 'autofocus' ], allowAttrs: [ [Object] ] } }
2023-04-30T14:49:23.138Z ml-core:rule-mapper:node:rule [from: rules([ 0, 0, 0 ])] label-has-control: true
2023-04-30T14:49:23.138Z ml-core:rule-mapper:node:rule [from: rules([ 0, 0, 0 ])] landmark-roles: true
2023-04-30T14:49:23.138Z ml-core:rule-mapper:node:rule [from: rules([ 0, 0, 0 ])] require-accessible-name: true
2023-04-30T14:49:23.138Z ml-core:rule-mapper:node:rule [from: rules([ 0, 0, 0 ])] required-h1: true
2023-04-30T14:49:23.138Z ml-core:rule-mapper:node:rule [from: rules([ 0, 0, 0 ])] use-list: true
2023-04-30T14:49:23.138Z ml-core:rule-mapper:node:rule [from: rules([ 0, 0, 0 ])] wai-aria: true
2023-04-30T14:49:23.139Z ml-core:rule-mapper:node:rule [from: nodeRules([ 0, 0, 0 ])] required-element: [ 'meta[charset="UTF-8" i]' ]
2023-04-30T14:49:23.139Z ml-core:rule-mapper:node <#text>
2023-04-30T14:49:23.139Z ml-core:rule-mapper:node:rule [from: rules([ 0, 0, 0 ])] attr-duplication: true
2023-04-30T14:49:23.139Z ml-core:rule-mapper:node:rule [from: rules([ 0, 0, 0 ])] character-reference: true
2023-04-30T14:49:23.139Z ml-core:rule-mapper:node:rule [from: rules([ 0, 0, 0 ])] deprecated-attr: true
2023-04-30T14:49:23.139Z ml-core:rule-mapper:node:rule [from: rules([ 0, 0, 0 ])] deprecated-element: true
2023-04-30T14:49:23.139Z ml-core:rule-mapper:node:rule [from: rules([ 0, 0, 0 ])] doctype: true
2023-04-30T14:49:23.139Z ml-core:rule-mapper:node:rule [from: rules([ 0, 0, 0 ])] id-duplication: true
2023-04-30T14:49:23.139Z ml-core:rule-mapper:node:rule [from: rules([ 0, 0, 0 ])] ineffective-attr: true
2023-04-30T14:49:23.139Z ml-core:rule-mapper:node:rule [from: rules([ 0, 0, 0 ])] no-refer-to-non-existent-id: true
2023-04-30T14:49:23.139Z ml-core:rule-mapper:node:rule [from: rules([ 0, 0, 0 ])] permitted-contents: true
2023-04-30T14:49:23.139Z ml-core:rule-mapper:node:rule [from: rules([ 0, 0, 0 ])] placeholder-label-option: true
2023-04-30T14:49:23.139Z ml-core:rule-mapper:node:rule [from: rules([ 0, 0, 0 ])] require-datetime: true
2023-04-30T14:49:23.139Z ml-core:rule-mapper:node:rule [from: rules([ 0, 0, 0 ])] required-attr: true
2023-04-30T14:49:23.139Z ml-core:rule-mapper:node:rule [from: rules([ 0, 0, 0 ])] invalid-attr: { options: { disallowAttrs: [ 'disallowed' ], allowAttrs: [ [Object] ] } }
2023-04-30T14:49:23.139Z ml-core:rule-mapper:node:rule [from: rules([ 0, 0, 0 ])] label-has-control: true
2023-04-30T14:49:23.140Z ml-core:rule-mapper:node:rule [from: rules([ 0, 0, 0 ])] landmark-roles: true
2023-04-30T14:49:23.140Z ml-core:rule-mapper:node:rule [from: rules([ 0, 0, 0 ])] require-accessible-name: true
2023-04-30T14:49:23.140Z ml-core:rule-mapper:node:rule [from: rules([ 0, 0, 0 ])] required-h1: true
2023-04-30T14:49:23.140Z ml-core:rule-mapper:node:rule [from: rules([ 0, 0, 0 ])] use-list: true
2023-04-30T14:49:23.140Z ml-core:rule-mapper:node:rule [from: rules([ 0, 0, 0 ])] wai-aria: true
2023-04-30T14:49:23.140Z ml-core:rule-mapper:node <META>
2023-04-30T14:49:23.140Z ml-core:rule-mapper:node:rule [from: rules([ 0, 0, 0 ])] attr-duplication: true
2023-04-30T14:49:23.140Z ml-core:rule-mapper:node:rule [from: rules([ 0, 0, 0 ])] character-reference: true
2023-04-30T14:49:23.140Z ml-core:rule-mapper:node:rule [from: rules([ 0, 0, 0 ])] deprecated-attr: true
2023-04-30T14:49:23.140Z ml-core:rule-mapper:node:rule [from: rules([ 0, 0, 0 ])] deprecated-element: true
2023-04-30T14:49:23.140Z ml-core:rule-mapper:node:rule [from: rules([ 0, 0, 0 ])] doctype: true
2023-04-30T14:49:23.140Z ml-core:rule-mapper:node:rule [from: rules([ 0, 0, 0 ])] id-duplication: true
2023-04-30T14:49:23.140Z ml-core:rule-mapper:node:rule [from: rules([ 0, 0, 0 ])] ineffective-attr: true
2023-04-30T14:49:23.140Z ml-core:rule-mapper:node:rule [from: rules([ 0, 0, 0 ])] no-refer-to-non-existent-id: true
2023-04-30T14:49:23.140Z ml-core:rule-mapper:node:rule [from: rules([ 0, 0, 0 ])] permitted-contents: true
2023-04-30T14:49:23.140Z ml-core:rule-mapper:node:rule [from: rules([ 0, 0, 0 ])] placeholder-label-option: true
2023-04-30T14:49:23.140Z ml-core:rule-mapper:node:rule [from: rules([ 0, 0, 0 ])] require-datetime: true
2023-04-30T14:49:23.141Z ml-core:rule-mapper:node:rule [from: rules([ 0, 0, 0 ])] required-attr: true
2023-04-30T14:49:23.141Z ml-core:rule-mapper:node:rule [from: nodeRules([ 0, 0, 0 ])] invalid-attr: { options: { disallowAttrs: [ 'disallowed', 'autofocus' ], allowAttrs: [ [Object] ] } }
2023-04-30T14:49:23.141Z ml-core:rule-mapper:node:rule [from: rules([ 0, 0, 0 ])] label-has-control: true
2023-04-30T14:49:23.141Z ml-core:rule-mapper:node:rule [from: rules([ 0, 0, 0 ])] landmark-roles: true
2023-04-30T14:49:23.141Z ml-core:rule-mapper:node:rule [from: rules([ 0, 0, 0 ])] require-accessible-name: true
2023-04-30T14:49:23.141Z ml-core:rule-mapper:node:rule [from: rules([ 0, 0, 0 ])] required-h1: true
2023-04-30T14:49:23.141Z ml-core:rule-mapper:node:rule [from: rules([ 0, 0, 0 ])] use-list: true
2023-04-30T14:49:23.141Z ml-core:rule-mapper:node:rule [from: rules([ 0, 0, 0 ])] wai-aria: true
2023-04-30T14:49:23.141Z ml-core:rule-mapper:node <#text>
2023-04-30T14:49:23.141Z ml-core:rule-mapper:node:rule [from: rules([ 0, 0, 0 ])] attr-duplication: true
2023-04-30T14:49:23.141Z ml-core:rule-mapper:node:rule [from: rules([ 0, 0, 0 ])] character-reference: true
2023-04-30T14:49:23.141Z ml-core:rule-mapper:node:rule [from: rules([ 0, 0, 0 ])] deprecated-attr: true
2023-04-30T14:49:23.141Z ml-core:rule-mapper:node:rule [from: rules([ 0, 0, 0 ])] deprecated-element: true
2023-04-30T14:49:23.141Z ml-core:rule-mapper:node:rule [from: rules([ 0, 0, 0 ])] doctype: true
2023-04-30T14:49:23.141Z ml-core:rule-mapper:node:rule [from: rules([ 0, 0, 0 ])] id-duplication: true
2023-04-30T14:49:23.141Z ml-core:rule-mapper:node:rule [from: rules([ 0, 0, 0 ])] ineffective-attr: true
2023-04-30T14:49:23.142Z ml-core:rule-mapper:node:rule [from: rules([ 0, 0, 0 ])] no-refer-to-non-existent-id: true
2023-04-30T14:49:23.142Z ml-core:rule-mapper:node:rule [from: rules([ 0, 0, 0 ])] permitted-contents: true
2023-04-30T14:49:23.142Z ml-core:rule-mapper:node:rule [from: rules([ 0, 0, 0 ])] placeholder-label-option: true
2023-04-30T14:49:23.142Z ml-core:rule-mapper:node:rule [from: rules([ 0, 0, 0 ])] require-datetime: true
2023-04-30T14:49:23.142Z ml-core:rule-mapper:node:rule [from: rules([ 0, 0, 0 ])] required-attr: true
2023-04-30T14:49:23.142Z ml-core:rule-mapper:node:rule [from: rules([ 0, 0, 0 ])] invalid-attr: { options: { disallowAttrs: [ 'disallowed' ], allowAttrs: [ [Object] ] } }
2023-04-30T14:49:23.142Z ml-core:rule-mapper:node:rule [from: rules([ 0, 0, 0 ])] label-has-control: true
2023-04-30T14:49:23.142Z ml-core:rule-mapper:node:rule [from: rules([ 0, 0, 0 ])] landmark-roles: true
2023-04-30T14:49:23.142Z ml-core:rule-mapper:node:rule [from: rules([ 0, 0, 0 ])] require-accessible-name: true
2023-04-30T14:49:23.142Z ml-core:rule-mapper:node:rule [from: rules([ 0, 0, 0 ])] required-h1: true
2023-04-30T14:49:23.142Z ml-core:rule-mapper:node:rule [from: rules([ 0, 0, 0 ])] use-list: true
2023-04-30T14:49:23.142Z ml-core:rule-mapper:node:rule [from: rules([ 0, 0, 0 ])] wai-aria: true
2023-04-30T14:49:23.142Z ml-core:rule-mapper:node <META>
2023-04-30T14:49:23.142Z ml-core:rule-mapper:node:rule [from: rules([ 0, 0, 0 ])] attr-duplication: true
2023-04-30T14:49:23.142Z ml-core:rule-mapper:node:rule [from: rules([ 0, 0, 0 ])] character-reference: true
2023-04-30T14:49:23.143Z ml-core:rule-mapper:node:rule [from: rules([ 0, 0, 0 ])] deprecated-attr: true
2023-04-30T14:49:23.143Z ml-core:rule-mapper:node:rule [from: rules([ 0, 0, 0 ])] deprecated-element: true
2023-04-30T14:49:23.143Z ml-core:rule-mapper:node:rule [from: rules([ 0, 0, 0 ])] doctype: true
2023-04-30T14:49:23.143Z ml-core:rule-mapper:node:rule [from: rules([ 0, 0, 0 ])] id-duplication: true
2023-04-30T14:49:23.143Z ml-core:rule-mapper:node:rule [from: rules([ 0, 0, 0 ])] ineffective-attr: true
2023-04-30T14:49:23.143Z ml-core:rule-mapper:node:rule [from: rules([ 0, 0, 0 ])] no-refer-to-non-existent-id: true
2023-04-30T14:49:23.143Z ml-core:rule-mapper:node:rule [from: rules([ 0, 0, 0 ])] permitted-contents: true
2023-04-30T14:49:23.143Z ml-core:rule-mapper:node:rule [from: rules([ 0, 0, 0 ])] placeholder-label-option: true
2023-04-30T14:49:23.143Z ml-core:rule-mapper:node:rule [from: rules([ 0, 0, 0 ])] require-datetime: true
2023-04-30T14:49:23.143Z ml-core:rule-mapper:node:rule [from: rules([ 0, 0, 0 ])] required-attr: true
2023-04-30T14:49:23.143Z ml-core:rule-mapper:node:rule [from: nodeRules([ 0, 0, 0 ])] invalid-attr: { options: { disallowAttrs: [ 'disallowed', 'autofocus' ], allowAttrs: [ [Object] ] } }
2023-04-30T14:49:23.143Z ml-core:rule-mapper:node:rule [from: rules([ 0, 0, 0 ])] label-has-control: true
2023-04-30T14:49:23.143Z ml-core:rule-mapper:node:rule [from: rules([ 0, 0, 0 ])] landmark-roles: true
2023-04-30T14:49:23.143Z ml-core:rule-mapper:node:rule [from: rules([ 0, 0, 0 ])] require-accessible-name: true
2023-04-30T14:49:23.143Z ml-core:rule-mapper:node:rule [from: rules([ 0, 0, 0 ])] required-h1: true
2023-04-30T14:49:23.143Z ml-core:rule-mapper:node:rule [from: rules([ 0, 0, 0 ])] use-list: true
2023-04-30T14:49:23.143Z ml-core:rule-mapper:node:rule [from: rules([ 0, 0, 0 ])] wai-aria: true
2023-04-30T14:49:23.143Z ml-core:rule-mapper:node <#text>
2023-04-30T14:49:23.144Z ml-core:rule-mapper:node:rule [from: rules([ 0, 0, 0 ])] attr-duplication: true
2023-04-30T14:49:23.144Z ml-core:rule-mapper:node:rule [from: rules([ 0, 0, 0 ])] character-reference: true
2023-04-30T14:49:23.144Z ml-core:rule-mapper:node:rule [from: rules([ 0, 0, 0 ])] deprecated-attr: true
2023-04-30T14:49:23.144Z ml-core:rule-mapper:node:rule [from: rules([ 0, 0, 0 ])] deprecated-element: true
2023-04-30T14:49:23.144Z ml-core:rule-mapper:node:rule [from: rules([ 0, 0, 0 ])] doctype: true
2023-04-30T14:49:23.144Z ml-core:rule-mapper:node:rule [from: rules([ 0, 0, 0 ])] id-duplication: true
2023-04-30T14:49:23.144Z ml-core:rule-mapper:node:rule [from: rules([ 0, 0, 0 ])] ineffective-attr: true
2023-04-30T14:49:23.144Z ml-core:rule-mapper:node:rule [from: rules([ 0, 0, 0 ])] no-refer-to-non-existent-id: true
2023-04-30T14:49:23.144Z ml-core:rule-mapper:node:rule [from: rules([ 0, 0, 0 ])] permitted-contents: true
2023-04-30T14:49:23.144Z ml-core:rule-mapper:node:rule [from: rules([ 0, 0, 0 ])] placeholder-label-option: true
2023-04-30T14:49:23.144Z ml-core:rule-mapper:node:rule [from: rules([ 0, 0, 0 ])] require-datetime: true
2023-04-30T14:49:23.144Z ml-core:rule-mapper:node:rule [from: rules([ 0, 0, 0 ])] required-attr: true
2023-04-30T14:49:23.145Z ml-core:rule-mapper:node:rule [from: rules([ 0, 0, 0 ])] invalid-attr: { options: { disallowAttrs: [ 'disallowed' ], allowAttrs: [ [Object] ] } }
2023-04-30T14:49:23.145Z ml-core:rule-mapper:node:rule [from: rules([ 0, 0, 0 ])] label-has-control: true
2023-04-30T14:49:23.145Z ml-core:rule-mapper:node:rule [from: rules([ 0, 0, 0 ])] landmark-roles: true
2023-04-30T14:49:23.145Z ml-core:rule-mapper:node:rule [from: rules([ 0, 0, 0 ])] require-accessible-name: true
2023-04-30T14:49:23.145Z ml-core:rule-mapper:node:rule [from: rules([ 0, 0, 0 ])] required-h1: true
2023-04-30T14:49:23.145Z ml-core:rule-mapper:node:rule [from: rules([ 0, 0, 0 ])] use-list: true
2023-04-30T14:49:23.145Z ml-core:rule-mapper:node:rule [from: rules([ 0, 0, 0 ])] wai-aria: true
2023-04-30T14:49:23.145Z ml-core:rule-mapper:node <META>
2023-04-30T14:49:23.145Z ml-core:rule-mapper:node:rule [from: rules([ 0, 0, 0 ])] attr-duplication: true
2023-04-30T14:49:23.145Z ml-core:rule-mapper:node:rule [from: rules([ 0, 0, 0 ])] character-reference: true
2023-04-30T14:49:23.145Z ml-core:rule-mapper:node:rule [from: rules([ 0, 0, 0 ])] deprecated-attr: true
2023-04-30T14:49:23.145Z ml-core:rule-mapper:node:rule [from: rules([ 0, 0, 0 ])] deprecated-element: true
2023-04-30T14:49:23.146Z ml-core:rule-mapper:node:rule [from: rules([ 0, 0, 0 ])] doctype: true
2023-04-30T14:49:23.146Z ml-core:rule-mapper:node:rule [from: rules([ 0, 0, 0 ])] id-duplication: true
2023-04-30T14:49:23.146Z ml-core:rule-mapper:node:rule [from: rules([ 0, 0, 0 ])] ineffective-attr: true
2023-04-30T14:49:23.146Z ml-core:rule-mapper:node:rule [from: rules([ 0, 0, 0 ])] no-refer-to-non-existent-id: true
2023-04-30T14:49:23.146Z ml-core:rule-mapper:node:rule [from: rules([ 0, 0, 0 ])] permitted-contents: true
2023-04-30T14:49:23.146Z ml-core:rule-mapper:node:rule [from: rules([ 0, 0, 0 ])] placeholder-label-option: true
2023-04-30T14:49:23.146Z ml-core:rule-mapper:node:rule [from: rules([ 0, 0, 0 ])] require-datetime: true
2023-04-30T14:49:23.146Z ml-core:rule-mapper:node:rule [from: rules([ 0, 0, 0 ])] required-attr: true
2023-04-30T14:49:23.146Z ml-core:rule-mapper:node:rule [from: nodeRules([ 0, 0, 0 ])] invalid-attr: { options: { disallowAttrs: [ 'disallowed', 'autofocus' ], allowAttrs: [ [Object] ] } }
2023-04-30T14:49:23.146Z ml-core:rule-mapper:node:rule [from: rules([ 0, 0, 0 ])] label-has-control: true
2023-04-30T14:49:23.146Z ml-core:rule-mapper:node:rule [from: rules([ 0, 0, 0 ])] landmark-roles: true
2023-04-30T14:49:23.147Z ml-core:rule-mapper:node:rule [from: rules([ 0, 0, 0 ])] require-accessible-name: true
2023-04-30T14:49:23.147Z ml-core:rule-mapper:node:rule [from: rules([ 0, 0, 0 ])] required-h1: true
2023-04-30T14:49:23.147Z ml-core:rule-mapper:node:rule [from: rules([ 0, 0, 0 ])] use-list: true
2023-04-30T14:49:23.147Z ml-core:rule-mapper:node:rule [from: rules([ 0, 0, 0 ])] wai-aria: true
2023-04-30T14:49:23.147Z ml-core:rule-mapper:node <#text>
2023-04-30T14:49:23.147Z ml-core:rule-mapper:node:rule [from: rules([ 0, 0, 0 ])] attr-duplication: true
2023-04-30T14:49:23.147Z ml-core:rule-mapper:node:rule [from: rules([ 0, 0, 0 ])] character-reference: true
2023-04-30T14:49:23.147Z ml-core:rule-mapper:node:rule [from: rules([ 0, 0, 0 ])] deprecated-attr: true
2023-04-30T14:49:23.147Z ml-core:rule-mapper:node:rule [from: rules([ 0, 0, 0 ])] deprecated-element: true
2023-04-30T14:49:23.147Z ml-core:rule-mapper:node:rule [from: rules([ 0, 0, 0 ])] doctype: true
2023-04-30T14:49:23.147Z ml-core:rule-mapper:node:rule [from: rules([ 0, 0, 0 ])] id-duplication: true
2023-04-30T14:49:23.147Z ml-core:rule-mapper:node:rule [from: rules([ 0, 0, 0 ])] ineffective-attr: true
2023-04-30T14:49:23.148Z ml-core:rule-mapper:node:rule [from: rules([ 0, 0, 0 ])] no-refer-to-non-existent-id: true
2023-04-30T14:49:23.148Z ml-core:rule-mapper:node:rule [from: rules([ 0, 0, 0 ])] permitted-contents: true
2023-04-30T14:49:23.148Z ml-core:rule-mapper:node:rule [from: rules([ 0, 0, 0 ])] placeholder-label-option: true
2023-04-30T14:49:23.148Z ml-core:rule-mapper:node:rule [from: rules([ 0, 0, 0 ])] require-datetime: true
2023-04-30T14:49:23.148Z ml-core:rule-mapper:node:rule [from: rules([ 0, 0, 0 ])] required-attr: true
2023-04-30T14:49:23.148Z ml-core:rule-mapper:node:rule [from: rules([ 0, 0, 0 ])] invalid-attr: { options: { disallowAttrs: [ 'disallowed' ], allowAttrs: [ [Object] ] } }
2023-04-30T14:49:23.148Z ml-core:rule-mapper:node:rule [from: rules([ 0, 0, 0 ])] label-has-control: true
2023-04-30T14:49:23.148Z ml-core:rule-mapper:node:rule [from: rules([ 0, 0, 0 ])] landmark-roles: true
2023-04-30T14:49:23.148Z ml-core:rule-mapper:node:rule [from: rules([ 0, 0, 0 ])] require-accessible-name: true
2023-04-30T14:49:23.148Z ml-core:rule-mapper:node:rule [from: rules([ 0, 0, 0 ])] required-h1: true
2023-04-30T14:49:23.148Z ml-core:rule-mapper:node:rule [from: rules([ 0, 0, 0 ])] use-list: true
2023-04-30T14:49:23.149Z ml-core:rule-mapper:node:rule [from: rules([ 0, 0, 0 ])] wai-aria: true
2023-04-30T14:49:23.149Z ml-core:rule-mapper:node <TITLE>
2023-04-30T14:49:23.149Z ml-core:rule-mapper:node:rule [from: rules([ 0, 0, 0 ])] attr-duplication: true
2023-04-30T14:49:23.149Z ml-core:rule-mapper:node:rule [from: rules([ 0, 0, 0 ])] character-reference: true
2023-04-30T14:49:23.149Z ml-core:rule-mapper:node:rule [from: rules([ 0, 0, 0 ])] deprecated-attr: true
2023-04-30T14:49:23.149Z ml-core:rule-mapper:node:rule [from: rules([ 0, 0, 0 ])] deprecated-element: true
2023-04-30T14:49:23.149Z ml-core:rule-mapper:node:rule [from: rules([ 0, 0, 0 ])] doctype: true
2023-04-30T14:49:23.149Z ml-core:rule-mapper:node:rule [from: rules([ 0, 0, 0 ])] id-duplication: true
2023-04-30T14:49:23.149Z ml-core:rule-mapper:node:rule [from: rules([ 0, 0, 0 ])] ineffective-attr: true
2023-04-30T14:49:23.149Z ml-core:rule-mapper:node:rule [from: rules([ 0, 0, 0 ])] no-refer-to-non-existent-id: true
2023-04-30T14:49:23.149Z ml-core:rule-mapper:node:rule [from: rules([ 0, 0, 0 ])] permitted-contents: true
2023-04-30T14:49:23.149Z ml-core:rule-mapper:node:rule [from: rules([ 0, 0, 0 ])] placeholder-label-option: true
2023-04-30T14:49:23.150Z ml-core:rule-mapper:node:rule [from: rules([ 0, 0, 0 ])] require-datetime: true
2023-04-30T14:49:23.150Z ml-core:rule-mapper:node:rule [from: rules([ 0, 0, 0 ])] required-attr: true
2023-04-30T14:49:23.150Z ml-core:rule-mapper:node:rule [from: nodeRules([ 0, 0, 0 ])] invalid-attr: { options: { disallowAttrs: [ 'disallowed', 'autofocus' ], allowAttrs: [ [Object] ] } }
2023-04-30T14:49:23.150Z ml-core:rule-mapper:node:rule [from: rules([ 0, 0, 0 ])] label-has-control: true
2023-04-30T14:49:23.150Z ml-core:rule-mapper:node:rule [from: rules([ 0, 0, 0 ])] landmark-roles: true
2023-04-30T14:49:23.150Z ml-core:rule-mapper:node:rule [from: rules([ 0, 0, 0 ])] require-accessible-name: true
2023-04-30T14:49:23.150Z ml-core:rule-mapper:node:rule [from: rules([ 0, 0, 0 ])] required-h1: true
2023-04-30T14:49:23.150Z ml-core:rule-mapper:node:rule [from: rules([ 0, 0, 0 ])] use-list: true
2023-04-30T14:49:23.150Z ml-core:rule-mapper:node:rule [from: rules([ 0, 0, 0 ])] wai-aria: true
2023-04-30T14:49:23.150Z ml-core:rule-mapper:node <#text>
2023-04-30T14:49:23.150Z ml-core:rule-mapper:node:rule [from: rules([ 0, 0, 0 ])] attr-duplication: true
2023-04-30T14:49:23.151Z ml-core:rule-mapper:node:rule [from: rules([ 0, 0, 0 ])] character-reference: true
2023-04-30T14:49:23.151Z ml-core:rule-mapper:node:rule [from: rules([ 0, 0, 0 ])] deprecated-attr: true
2023-04-30T14:49:23.151Z ml-core:rule-mapper:node:rule [from: rules([ 0, 0, 0 ])] deprecated-element: true
2023-04-30T14:49:23.151Z ml-core:rule-mapper:node:rule [from: rules([ 0, 0, 0 ])] doctype: true
2023-04-30T14:49:23.151Z ml-core:rule-mapper:node:rule [from: rules([ 0, 0, 0 ])] id-duplication: true
2023-04-30T14:49:23.151Z ml-core:rule-mapper:node:rule [from: rules([ 0, 0, 0 ])] ineffective-attr: true
2023-04-30T14:49:23.151Z ml-core:rule-mapper:node:rule [from: rules([ 0, 0, 0 ])] no-refer-to-non-existent-id: true
2023-04-30T14:49:23.151Z ml-core:rule-mapper:node:rule [from: rules([ 0, 0, 0 ])] permitted-contents: true
2023-04-30T14:49:23.151Z ml-core:rule-mapper:node:rule [from: rules([ 0, 0, 0 ])] placeholder-label-option: true
2023-04-30T14:49:23.151Z ml-core:rule-mapper:node:rule [from: rules([ 0, 0, 0 ])] require-datetime: true
2023-04-30T14:49:23.152Z ml-core:rule-mapper:node:rule [from: rules([ 0, 0, 0 ])] required-attr: true
2023-04-30T14:49:23.152Z ml-core:rule-mapper:node:rule [from: rules([ 0, 0, 0 ])] invalid-attr: { options: { disallowAttrs: [ 'disallowed' ], allowAttrs: [ [Object] ] } }
2023-04-30T14:49:23.152Z ml-core:rule-mapper:node:rule [from: rules([ 0, 0, 0 ])] label-has-control: true
2023-04-30T14:49:23.152Z ml-core:rule-mapper:node:rule [from: rules([ 0, 0, 0 ])] landmark-roles: true
2023-04-30T14:49:23.152Z ml-core:rule-mapper:node:rule [from: rules([ 0, 0, 0 ])] require-accessible-name: true
2023-04-30T14:49:23.152Z ml-core:rule-mapper:node:rule [from: rules([ 0, 0, 0 ])] required-h1: true
2023-04-30T14:49:23.152Z ml-core:rule-mapper:node:rule [from: rules([ 0, 0, 0 ])] use-list: true
2023-04-30T14:49:23.152Z ml-core:rule-mapper:node:rule [from: rules([ 0, 0, 0 ])] wai-aria: true
2023-04-30T14:49:23.152Z ml-core:rule-mapper:node <#text>
2023-04-30T14:49:23.152Z ml-core:rule-mapper:node:rule [from: rules([ 0, 0, 0 ])] attr-duplication: true
2023-04-30T14:49:23.153Z ml-core:rule-mapper:node:rule [from: rules([ 0, 0, 0 ])] character-reference: true
2023-04-30T14:49:23.153Z ml-core:rule-mapper:node:rule [from: rules([ 0, 0, 0 ])] deprecated-attr: true
2023-04-30T14:49:23.153Z ml-core:rule-mapper:node:rule [from: rules([ 0, 0, 0 ])] deprecated-element: true
2023-04-30T14:49:23.153Z ml-core:rule-mapper:node:rule [from: rules([ 0, 0, 0 ])] doctype: true
2023-04-30T14:49:23.153Z ml-core:rule-mapper:node:rule [from: rules([ 0, 0, 0 ])] id-duplication: true
2023-04-30T14:49:23.153Z ml-core:rule-mapper:node:rule [from: rules([ 0, 0, 0 ])] ineffective-attr: true
2023-04-30T14:49:23.153Z ml-core:rule-mapper:node:rule [from: rules([ 0, 0, 0 ])] no-refer-to-non-existent-id: true
2023-04-30T14:49:23.153Z ml-core:rule-mapper:node:rule [from: rules([ 0, 0, 0 ])] permitted-contents: true
2023-04-30T14:49:23.153Z ml-core:rule-mapper:node:rule [from: rules([ 0, 0, 0 ])] placeholder-label-option: true
2023-04-30T14:49:23.153Z ml-core:rule-mapper:node:rule [from: rules([ 0, 0, 0 ])] require-datetime: true
2023-04-30T14:49:23.153Z ml-core:rule-mapper:node:rule [from: rules([ 0, 0, 0 ])] required-attr: true
2023-04-30T14:49:23.154Z ml-core:rule-mapper:node:rule [from: rules([ 0, 0, 0 ])] invalid-attr: { options: { disallowAttrs: [ 'disallowed' ], allowAttrs: [ [Object] ] } }
2023-04-30T14:49:23.154Z ml-core:rule-mapper:node:rule [from: rules([ 0, 0, 0 ])] label-has-control: true
2023-04-30T14:49:23.154Z ml-core:rule-mapper:node:rule [from: rules([ 0, 0, 0 ])] landmark-roles: true
2023-04-30T14:49:23.154Z ml-core:rule-mapper:node:rule [from: rules([ 0, 0, 0 ])] require-accessible-name: true
2023-04-30T14:49:23.154Z ml-core:rule-mapper:node:rule [from: rules([ 0, 0, 0 ])] required-h1: true
2023-04-30T14:49:23.154Z ml-core:rule-mapper:node:rule [from: rules([ 0, 0, 0 ])] use-list: true
2023-04-30T14:49:23.154Z ml-core:rule-mapper:node:rule [from: rules([ 0, 0, 0 ])] wai-aria: true
2023-04-30T14:49:23.154Z ml-core:rule-mapper:node <#text>
2023-04-30T14:49:23.154Z ml-core:rule-mapper:node:rule [from: rules([ 0, 0, 0 ])] attr-duplication: true
2023-04-30T14:49:23.155Z ml-core:rule-mapper:node:rule [from: rules([ 0, 0, 0 ])] character-reference: true
2023-04-30T14:49:23.155Z ml-core:rule-mapper:node:rule [from: rules([ 0, 0, 0 ])] deprecated-attr: true
2023-04-30T14:49:23.155Z ml-core:rule-mapper:node:rule [from: rules([ 0, 0, 0 ])] deprecated-element: true
2023-04-30T14:49:23.155Z ml-core:rule-mapper:node:rule [from: rules([ 0, 0, 0 ])] doctype: true
2023-04-30T14:49:23.155Z ml-core:rule-mapper:node:rule [from: rules([ 0, 0, 0 ])] id-duplication: true
2023-04-30T14:49:23.155Z ml-core:rule-mapper:node:rule [from: rules([ 0, 0, 0 ])] ineffective-attr: true
2023-04-30T14:49:23.155Z ml-core:rule-mapper:node:rule [from: rules([ 0, 0, 0 ])] no-refer-to-non-existent-id: true
2023-04-30T14:49:23.155Z ml-core:rule-mapper:node:rule [from: rules([ 0, 0, 0 ])] permitted-contents: true
2023-04-30T14:49:23.155Z ml-core:rule-mapper:node:rule [from: rules([ 0, 0, 0 ])] placeholder-label-option: true
2023-04-30T14:49:23.155Z ml-core:rule-mapper:node:rule [from: rules([ 0, 0, 0 ])] require-datetime: true
2023-04-30T14:49:23.156Z ml-core:rule-mapper:node:rule [from: rules([ 0, 0, 0 ])] required-attr: true
2023-04-30T14:49:23.156Z ml-core:rule-mapper:node:rule [from: rules([ 0, 0, 0 ])] invalid-attr: { options: { disallowAttrs: [ 'disallowed' ], allowAttrs: [ [Object] ] } }
2023-04-30T14:49:23.156Z ml-core:rule-mapper:node:rule [from: rules([ 0, 0, 0 ])] label-has-control: true
2023-04-30T14:49:23.156Z ml-core:rule-mapper:node:rule [from: rules([ 0, 0, 0 ])] landmark-roles: true
2023-04-30T14:49:23.156Z ml-core:rule-mapper:node:rule [from: rules([ 0, 0, 0 ])] require-accessible-name: true
2023-04-30T14:49:23.156Z ml-core:rule-mapper:node:rule [from: rules([ 0, 0, 0 ])] required-h1: true
2023-04-30T14:49:23.156Z ml-core:rule-mapper:node:rule [from: rules([ 0, 0, 0 ])] use-list: true
2023-04-30T14:49:23.156Z ml-core:rule-mapper:node:rule [from: rules([ 0, 0, 0 ])] wai-aria: true
2023-04-30T14:49:23.156Z ml-core:rule-mapper:node <BODY>
2023-04-30T14:49:23.156Z ml-core:rule-mapper:node:rule [from: rules([ 0, 0, 0 ])] attr-duplication: true
2023-04-30T14:49:23.157Z ml-core:rule-mapper:node:rule [from: rules([ 0, 0, 0 ])] character-reference: true
2023-04-30T14:49:23.157Z ml-core:rule-mapper:node:rule [from: rules([ 0, 0, 0 ])] deprecated-attr: true
2023-04-30T14:49:23.157Z ml-core:rule-mapper:node:rule [from: rules([ 0, 0, 0 ])] deprecated-element: true
2023-04-30T14:49:23.157Z ml-core:rule-mapper:node:rule [from: rules([ 0, 0, 0 ])] doctype: true
2023-04-30T14:49:23.157Z ml-core:rule-mapper:node:rule [from: rules([ 0, 0, 0 ])] id-duplication: true
2023-04-30T14:49:23.157Z ml-core:rule-mapper:node:rule [from: rules([ 0, 0, 0 ])] ineffective-attr: true
2023-04-30T14:49:23.157Z ml-core:rule-mapper:node:rule [from: rules([ 0, 0, 0 ])] no-refer-to-non-existent-id: true
2023-04-30T14:49:23.157Z ml-core:rule-mapper:node:rule [from: rules([ 0, 0, 0 ])] permitted-contents: true
2023-04-30T14:49:23.157Z ml-core:rule-mapper:node:rule [from: rules([ 0, 0, 0 ])] placeholder-label-option: true
2023-04-30T14:49:23.157Z ml-core:rule-mapper:node:rule [from: rules([ 0, 0, 0 ])] require-datetime: true
2023-04-30T14:49:23.158Z ml-core:rule-mapper:node:rule [from: rules([ 0, 0, 0 ])] required-attr: true
2023-04-30T14:49:23.158Z ml-core:rule-mapper:node:rule [from: nodeRules([ 0, 0, 0 ])] invalid-attr: { options: { disallowAttrs: [ 'disallowed', 'autofocus' ], allowAttrs: [ [Object] ] } }
2023-04-30T14:49:23.158Z ml-core:rule-mapper:node:rule [from: rules([ 0, 0, 0 ])] label-has-control: true
2023-04-30T14:49:23.158Z ml-core:rule-mapper:node:rule [from: rules([ 0, 0, 0 ])] landmark-roles: true
2023-04-30T14:49:23.158Z ml-core:rule-mapper:node:rule [from: rules([ 0, 0, 0 ])] require-accessible-name: true
2023-04-30T14:49:23.158Z ml-core:rule-mapper:node:rule [from: rules([ 0, 0, 0 ])] required-h1: true
2023-04-30T14:49:23.158Z ml-core:rule-mapper:node:rule [from: rules([ 0, 0, 0 ])] use-list: true
2023-04-30T14:49:23.158Z ml-core:rule-mapper:node:rule [from: rules([ 0, 0, 0 ])] wai-aria: true
2023-04-30T14:49:23.158Z ml-core:rule-mapper:node <#text>
2023-04-30T14:49:23.158Z ml-core:rule-mapper:node:rule [from: rules([ 0, 0, 0 ])] attr-duplication: true
2023-04-30T14:49:23.159Z ml-core:rule-mapper:node:rule [from: rules([ 0, 0, 0 ])] character-reference: true
2023-04-30T14:49:23.159Z ml-core:rule-mapper:node:rule [from: rules([ 0, 0, 0 ])] deprecated-attr: true
2023-04-30T14:49:23.159Z ml-core:rule-mapper:node:rule [from: rules([ 0, 0, 0 ])] deprecated-element: true
2023-04-30T14:49:23.159Z ml-core:rule-mapper:node:rule [from: rules([ 0, 0, 0 ])] doctype: true
2023-04-30T14:49:23.159Z ml-core:rule-mapper:node:rule [from: rules([ 0, 0, 0 ])] id-duplication: true
2023-04-30T14:49:23.159Z ml-core:rule-mapper:node:rule [from: rules([ 0, 0, 0 ])] ineffective-attr: true
2023-04-30T14:49:23.159Z ml-core:rule-mapper:node:rule [from: rules([ 0, 0, 0 ])] no-refer-to-non-existent-id: true
2023-04-30T14:49:23.159Z ml-core:rule-mapper:node:rule [from: rules([ 0, 0, 0 ])] permitted-contents: true
2023-04-30T14:49:23.159Z ml-core:rule-mapper:node:rule [from: rules([ 0, 0, 0 ])] placeholder-label-option: true
2023-04-30T14:49:23.159Z ml-core:rule-mapper:node:rule [from: rules([ 0, 0, 0 ])] require-datetime: true
2023-04-30T14:49:23.159Z ml-core:rule-mapper:node:rule [from: rules([ 0, 0, 0 ])] required-attr: true
2023-04-30T14:49:23.160Z ml-core:rule-mapper:node:rule [from: rules([ 0, 0, 0 ])] invalid-attr: { options: { disallowAttrs: [ 'disallowed' ], allowAttrs: [ [Object] ] } }
2023-04-30T14:49:23.160Z ml-core:rule-mapper:node:rule [from: rules([ 0, 0, 0 ])] label-has-control: true
2023-04-30T14:49:23.160Z ml-core:rule-mapper:node:rule [from: rules([ 0, 0, 0 ])] landmark-roles: true
2023-04-30T14:49:23.160Z ml-core:rule-mapper:node:rule [from: rules([ 0, 0, 0 ])] require-accessible-name: true
2023-04-30T14:49:23.160Z ml-core:rule-mapper:node:rule [from: rules([ 0, 0, 0 ])] required-h1: true
2023-04-30T14:49:23.160Z ml-core:rule-mapper:node:rule [from: rules([ 0, 0, 0 ])] use-list: true
2023-04-30T14:49:23.160Z ml-core:rule-mapper:node:rule [from: rules([ 0, 0, 0 ])] wai-aria: true
2023-04-30T14:49:23.160Z ml-core:rule-mapper:node <H2>
2023-04-30T14:49:23.160Z ml-core:rule-mapper:node:rule [from: rules([ 0, 0, 0 ])] attr-duplication: true
2023-04-30T14:49:23.160Z ml-core:rule-mapper:node:rule [from: rules([ 0, 0, 0 ])] character-reference: true
2023-04-30T14:49:23.160Z ml-core:rule-mapper:node:rule [from: rules([ 0, 0, 0 ])] deprecated-attr: true
2023-04-30T14:49:23.161Z ml-core:rule-mapper:node:rule [from: rules([ 0, 0, 0 ])] deprecated-element: true
2023-04-30T14:49:23.161Z ml-core:rule-mapper:node:rule [from: rules([ 0, 0, 0 ])] doctype: true
2023-04-30T14:49:23.161Z ml-core:rule-mapper:node:rule [from: rules([ 0, 0, 0 ])] id-duplication: true
2023-04-30T14:49:23.161Z ml-core:rule-mapper:node:rule [from: rules([ 0, 0, 0 ])] ineffective-attr: true
2023-04-30T14:49:23.161Z ml-core:rule-mapper:node:rule [from: rules([ 0, 0, 0 ])] no-refer-to-non-existent-id: true
2023-04-30T14:49:23.161Z ml-core:rule-mapper:node:rule [from: rules([ 0, 0, 0 ])] permitted-contents: true
2023-04-30T14:49:23.161Z ml-core:rule-mapper:node:rule [from: rules([ 0, 0, 0 ])] placeholder-label-option: true
2023-04-30T14:49:23.161Z ml-core:rule-mapper:node:rule [from: rules([ 0, 0, 0 ])] require-datetime: true
2023-04-30T14:49:23.161Z ml-core:rule-mapper:node:rule [from: rules([ 0, 0, 0 ])] required-attr: true
2023-04-30T14:49:23.161Z ml-core:rule-mapper:node:rule [from: nodeRules([ 0, 0, 0 ])] invalid-attr: { options: { disallowAttrs: [ 'disallowed', 'autofocus' ], allowAttrs: [ [Object] ] } }
2023-04-30T14:49:23.162Z ml-core:rule-mapper:node:rule [from: rules([ 0, 0, 0 ])] label-has-control: true
2023-04-30T14:49:23.162Z ml-core:rule-mapper:node:rule [from: rules([ 0, 0, 0 ])] landmark-roles: true
2023-04-30T14:49:23.162Z ml-core:rule-mapper:node:rule [from: rules([ 0, 0, 0 ])] require-accessible-name: true
2023-04-30T14:49:23.162Z ml-core:rule-mapper:node:rule [from: rules([ 0, 0, 0 ])] required-h1: true
2023-04-30T14:49:23.162Z ml-core:rule-mapper:node:rule [from: rules([ 0, 0, 0 ])] use-list: true
2023-04-30T14:49:23.162Z ml-core:rule-mapper:node:rule [from: rules([ 0, 0, 0 ])] wai-aria: true
2023-04-30T14:49:23.162Z ml-core:rule-mapper:node:rule [from: nodeRules([ 0, 0, 1 ])] disallowed-element: { value: [ 'small' ], reason: 'The small element must not be used for subheadings. https://html.spec.whatwg.org/multipage/text-level-semantics.html#the-small-element' }
2023-04-30T14:49:23.162Z ml-core:rule-mapper:node <#text>
2023-04-30T14:49:23.162Z ml-core:rule-mapper:node:rule [from: rules([ 0, 0, 0 ])] attr-duplication: true
2023-04-30T14:49:23.163Z ml-core:rule-mapper:node:rule [from: rules([ 0, 0, 0 ])] character-reference: true
2023-04-30T14:49:23.163Z ml-core:rule-mapper:node:rule [from: rules([ 0, 0, 0 ])] deprecated-attr: true
2023-04-30T14:49:23.163Z ml-core:rule-mapper:node:rule [from: rules([ 0, 0, 0 ])] deprecated-element: true
2023-04-30T14:49:23.163Z ml-core:rule-mapper:node:rule [from: rules([ 0, 0, 0 ])] doctype: true
2023-04-30T14:49:23.163Z ml-core:rule-mapper:node:rule [from: rules([ 0, 0, 0 ])] id-duplication: true
2023-04-30T14:49:23.163Z ml-core:rule-mapper:node:rule [from: rules([ 0, 0, 0 ])] ineffective-attr: true
2023-04-30T14:49:23.163Z ml-core:rule-mapper:node:rule [from: rules([ 0, 0, 0 ])] no-refer-to-non-existent-id: true
2023-04-30T14:49:23.163Z ml-core:rule-mapper:node:rule [from: rules([ 0, 0, 0 ])] permitted-contents: true
2023-04-30T14:49:23.163Z ml-core:rule-mapper:node:rule [from: rules([ 0, 0, 0 ])] placeholder-label-option: true
2023-04-30T14:49:23.163Z ml-core:rule-mapper:node:rule [from: rules([ 0, 0, 0 ])] require-datetime: true
2023-04-30T14:49:23.163Z ml-core:rule-mapper:node:rule [from: rules([ 0, 0, 0 ])] required-attr: true
2023-04-30T14:49:23.164Z ml-core:rule-mapper:node:rule [from: rules([ 0, 0, 0 ])] invalid-attr: { options: { disallowAttrs: [ 'disallowed' ], allowAttrs: [ [Object] ] } }
2023-04-30T14:49:23.164Z ml-core:rule-mapper:node:rule [from: rules([ 0, 0, 0 ])] label-has-control: true
2023-04-30T14:49:23.164Z ml-core:rule-mapper:node:rule [from: rules([ 0, 0, 0 ])] landmark-roles: true
2023-04-30T14:49:23.164Z ml-core:rule-mapper:node:rule [from: rules([ 0, 0, 0 ])] require-accessible-name: true
2023-04-30T14:49:23.164Z ml-core:rule-mapper:node:rule [from: rules([ 0, 0, 0 ])] required-h1: true
2023-04-30T14:49:23.164Z ml-core:rule-mapper:node:rule [from: rules([ 0, 0, 0 ])] use-list: true
2023-04-30T14:49:23.164Z ml-core:rule-mapper:node:rule [from: rules([ 0, 0, 0 ])] wai-aria: true
2023-04-30T14:49:23.164Z ml-core:rule-mapper:node <#text>
2023-04-30T14:49:23.164Z ml-core:rule-mapper:node:rule [from: rules([ 0, 0, 0 ])] attr-duplication: true
2023-04-30T14:49:23.164Z ml-core:rule-mapper:node:rule [from: rules([ 0, 0, 0 ])] character-reference: true
2023-04-30T14:49:23.164Z ml-core:rule-mapper:node:rule [from: rules([ 0, 0, 0 ])] deprecated-attr: true
2023-04-30T14:49:23.164Z ml-core:rule-mapper:node:rule [from: rules([ 0, 0, 0 ])] deprecated-element: true
2023-04-30T14:49:23.165Z ml-core:rule-mapper:node:rule [from: rules([ 0, 0, 0 ])] doctype: true
2023-04-30T14:49:23.165Z ml-core:rule-mapper:node:rule [from: rules([ 0, 0, 0 ])] id-duplication: true
2023-04-30T14:49:23.165Z ml-core:rule-mapper:node:rule [from: rules([ 0, 0, 0 ])] ineffective-attr: true
2023-04-30T14:49:23.165Z ml-core:rule-mapper:node:rule [from: rules([ 0, 0, 0 ])] no-refer-to-non-existent-id: true
2023-04-30T14:49:23.165Z ml-core:rule-mapper:node:rule [from: rules([ 0, 0, 0 ])] permitted-contents: true
2023-04-30T14:49:23.165Z ml-core:rule-mapper:node:rule [from: rules([ 0, 0, 0 ])] placeholder-label-option: true
2023-04-30T14:49:23.165Z ml-core:rule-mapper:node:rule [from: rules([ 0, 0, 0 ])] require-datetime: true
2023-04-30T14:49:23.165Z ml-core:rule-mapper:node:rule [from: rules([ 0, 0, 0 ])] required-attr: true
2023-04-30T14:49:23.165Z ml-core:rule-mapper:node:rule [from: rules([ 0, 0, 0 ])] invalid-attr: { options: { disallowAttrs: [ 'disallowed' ], allowAttrs: [ [Object] ] } }
2023-04-30T14:49:23.165Z ml-core:rule-mapper:node:rule [from: rules([ 0, 0, 0 ])] label-has-control: true
2023-04-30T14:49:23.166Z ml-core:rule-mapper:node:rule [from: rules([ 0, 0, 0 ])] landmark-roles: true
2023-04-30T14:49:23.166Z ml-core:rule-mapper:node:rule [from: rules([ 0, 0, 0 ])] require-accessible-name: true
2023-04-30T14:49:23.166Z ml-core:rule-mapper:node:rule [from: rules([ 0, 0, 0 ])] required-h1: true
2023-04-30T14:49:23.166Z ml-core:rule-mapper:node:rule [from: rules([ 0, 0, 0 ])] use-list: true
2023-04-30T14:49:23.166Z ml-core:rule-mapper:node:rule [from: rules([ 0, 0, 0 ])] wai-aria: true
2023-04-30T14:49:23.166Z ml-core:rule-mapper:node <#text>
2023-04-30T14:49:23.166Z ml-core:rule-mapper:node:rule [from: rules([ 0, 0, 0 ])] attr-duplication: true
2023-04-30T14:49:23.166Z ml-core:rule-mapper:node:rule [from: rules([ 0, 0, 0 ])] character-reference: true
2023-04-30T14:49:23.166Z ml-core:rule-mapper:node:rule [from: rules([ 0, 0, 0 ])] deprecated-attr: true
2023-04-30T14:49:23.166Z ml-core:rule-mapper:node:rule [from: rules([ 0, 0, 0 ])] deprecated-element: true
2023-04-30T14:49:23.167Z ml-core:rule-mapper:node:rule [from: rules([ 0, 0, 0 ])] doctype: true
2023-04-30T14:49:23.167Z ml-core:rule-mapper:node:rule [from: rules([ 0, 0, 0 ])] id-duplication: true
2023-04-30T14:49:23.167Z ml-core:rule-mapper:node:rule [from: rules([ 0, 0, 0 ])] ineffective-attr: true
2023-04-30T14:49:23.167Z ml-core:rule-mapper:node:rule [from: rules([ 0, 0, 0 ])] no-refer-to-non-existent-id: true
2023-04-30T14:49:23.167Z ml-core:rule-mapper:node:rule [from: rules([ 0, 0, 0 ])] permitted-contents: true
2023-04-30T14:49:23.167Z ml-core:rule-mapper:node:rule [from: rules([ 0, 0, 0 ])] placeholder-label-option: true
2023-04-30T14:49:23.167Z ml-core:rule-mapper:node:rule [from: rules([ 0, 0, 0 ])] require-datetime: true
2023-04-30T14:49:23.167Z ml-core:rule-mapper:node:rule [from: rules([ 0, 0, 0 ])] required-attr: true
2023-04-30T14:49:23.167Z ml-core:rule-mapper:node:rule [from: rules([ 0, 0, 0 ])] invalid-attr: { options: { disallowAttrs: [ 'disallowed' ], allowAttrs: [ [Object] ] } }
2023-04-30T14:49:23.167Z ml-core:rule-mapper:node:rule [from: rules([ 0, 0, 0 ])] label-has-control: true
2023-04-30T14:49:23.168Z ml-core:rule-mapper:node:rule [from: rules([ 0, 0, 0 ])] landmark-roles: true
2023-04-30T14:49:23.168Z ml-core:rule-mapper:node:rule [from: rules([ 0, 0, 0 ])] require-accessible-name: true
2023-04-30T14:49:23.168Z ml-core:rule-mapper:node:rule [from: rules([ 0, 0, 0 ])] required-h1: true
2023-04-30T14:49:23.168Z ml-core:rule-mapper:node:rule [from: rules([ 0, 0, 0 ])] use-list: true
2023-04-30T14:49:23.168Z ml-core:rule-mapper:node:rule [from: rules([ 0, 0, 0 ])] wai-aria: true
2023-04-30T14:49:23.168Z ml-core:rule-mapper:node <#text>
2023-04-30T14:49:23.168Z ml-core:rule-mapper:node:rule [from: rules([ 0, 0, 0 ])] attr-duplication: true
2023-04-30T14:49:23.168Z ml-core:rule-mapper:node:rule [from: rules([ 0, 0, 0 ])] character-reference: true
2023-04-30T14:49:23.168Z ml-core:rule-mapper:node:rule [from: rules([ 0, 0, 0 ])] deprecated-attr: true
2023-04-30T14:49:23.168Z ml-core:rule-mapper:node:rule [from: rules([ 0, 0, 0 ])] deprecated-element: true
2023-04-30T14:49:23.169Z ml-core:rule-mapper:node:rule [from: rules([ 0, 0, 0 ])] doctype: true
2023-04-30T14:49:23.169Z ml-core:rule-mapper:node:rule [from: rules([ 0, 0, 0 ])] id-duplication: true
2023-04-30T14:49:23.169Z ml-core:rule-mapper:node:rule [from: rules([ 0, 0, 0 ])] ineffective-attr: true
2023-04-30T14:49:23.169Z ml-core:rule-mapper:node:rule [from: rules([ 0, 0, 0 ])] no-refer-to-non-existent-id: true
2023-04-30T14:49:23.169Z ml-core:rule-mapper:node:rule [from: rules([ 0, 0, 0 ])] permitted-contents: true
2023-04-30T14:49:23.169Z ml-core:rule-mapper:node:rule [from: rules([ 0, 0, 0 ])] placeholder-label-option: true
2023-04-30T14:49:23.169Z ml-core:rule-mapper:node:rule [from: rules([ 0, 0, 0 ])] require-datetime: true
2023-04-30T14:49:23.169Z ml-core:rule-mapper:node:rule [from: rules([ 0, 0, 0 ])] required-attr: true
2023-04-30T14:49:23.169Z ml-core:rule-mapper:node:rule [from: rules([ 0, 0, 0 ])] invalid-attr: { options: { disallowAttrs: [ 'disallowed' ], allowAttrs: [ [Object] ] } }
2023-04-30T14:49:23.169Z ml-core:rule-mapper:node:rule [from: rules([ 0, 0, 0 ])] label-has-control: true
2023-04-30T14:49:23.170Z ml-core:rule-mapper:node:rule [from: rules([ 0, 0, 0 ])] landmark-roles: true
2023-04-30T14:49:23.170Z ml-core:rule-mapper:node:rule [from: rules([ 0, 0, 0 ])] require-accessible-name: true
2023-04-30T14:49:23.170Z ml-core:rule-mapper:node:rule [from: rules([ 0, 0, 0 ])] required-h1: true
2023-04-30T14:49:23.170Z ml-core:rule-mapper:node:rule [from: rules([ 0, 0, 0 ])] use-list: true
2023-04-30T14:49:23.170Z ml-core:rule-mapper:node:rule [from: rules([ 0, 0, 0 ])] wai-aria: true
2023-04-30T14:49:23.170Z ml-core verify: start
2023-04-30T14:49:23.171Z ml-core attr-duplication Rule: verify
2023-04-30T14:49:23.173Z ml-core attr-duplication Rule: verify end
2023-04-30T14:49:23.173Z ml-core character-reference Rule: verify
2023-04-30T14:49:23.175Z ml-core character-reference Rule: verify end
2023-04-30T14:49:23.175Z ml-core deprecated-attr Rule: verify
2023-04-30T14:49:23.179Z ml-core deprecated-attr Rule: verify end
2023-04-30T14:49:23.179Z ml-core deprecated-element Rule: verify
2023-04-30T14:49:23.180Z ml-core deprecated-element Rule: verify end
2023-04-30T14:49:23.181Z ml-core disallowed-element Rule: verify
2023-04-30T14:49:23.181Z ml-core disallowed-element Rule: verify end
2023-04-30T14:49:23.182Z ml-core doctype Rule: verify
2023-04-30T14:49:23.183Z ml-core doctype Rule: verify end
2023-04-30T14:49:23.183Z ml-core id-duplication Rule: verify
2023-04-30T14:49:23.185Z ml-core id-duplication Rule: verify end
2023-04-30T14:49:23.185Z ml-core ineffective-attr Rule: verify
2023-04-30T14:49:23.186Z ml-core ineffective-attr Rule: verify end
2023-04-30T14:49:23.186Z ml-core invalid-attr Rule: verify
2023-04-30T14:49:23.193Z ml-core invalid-attr Rule: verify end
2023-04-30T14:49:23.194Z ml-core label-has-control Rule: verify
2023-04-30T14:49:23.194Z ml-core label-has-control Rule: verify end
2023-04-30T14:49:23.194Z ml-core landmark-roles Rule: verify
2023-04-30T14:49:23.198Z ml-core landmark-roles Rule: verify end
2023-04-30T14:49:23.198Z ml-core no-refer-to-non-existent-id Rule: verify
2023-04-30T14:49:23.202Z ml-core no-refer-to-non-existent-id Rule: verify end
2023-04-30T14:49:23.202Z ml-core permitted-contents Rule: verify
2023-04-30T14:49:23.217Z ml-core permitted-contents Rule: verify end
2023-04-30T14:49:23.217Z ml-core placeholder-label-option Rule: verify
2023-04-30T14:49:23.218Z ml-core placeholder-label-option Rule: verify end
2023-04-30T14:49:23.218Z ml-core require-accessible-name Rule: verify
2023-04-30T14:49:23.231Z ml-core require-accessible-name Rule: verify end
2023-04-30T14:49:23.231Z ml-core require-datetime Rule: verify
2023-04-30T14:49:23.239Z ml-core require-datetime Rule: verify end
2023-04-30T14:49:23.239Z ml-core required-attr Rule: verify
2023-04-30T14:49:23.242Z ml-core required-attr Rule: verify end
2023-04-30T14:49:23.242Z ml-core required-element Rule: verify
2023-04-30T14:49:23.242Z ml-core required-element Rule: verify end
2023-04-30T14:49:23.242Z ml-core required-h1 Rule: verify
2023-04-30T14:49:23.243Z ml-core required-h1 Rule: verify end
2023-04-30T14:49:23.243Z ml-core use-list Rule: verify
2023-04-30T14:49:23.243Z ml-core use-list Rule: verify end
2023-04-30T14:49:23.243Z ml-core wai-aria Rule: verify
2023-04-30T14:49:23.246Z ml-core wai-aria Rule: verify end
2023-04-30T14:49:23.246Z ml-core:result Error: 2
2023-04-30T14:49:23.246Z ml-core:result Warning: 0
2023-04-30T14:49:23.246Z ml-core:result Info: 0
2023-04-30T14:49:23.246Z ml-core verify: end
2023-04-30T14:49:23.248Z markuplint-cli:ml-engine exec: end
2023-04-30T14:49:23.248Z markuplint-cli Output reports
<markup[38;5;33mlint[39m> [31merror: Require doctype (doctype) [4m/workspaces/markuplint-test/test.html:1:1[24m[39m
  [36m1[39m: [41m[49m<html[38;5;8m•[39mlang="en">
  [36m2[39m: 
<markup[38;5;33mlint[39m> [31merror: Require the "h1" element (required-h1) [4m/workspaces/markuplint-test/test.html:1:1[24m[39m
  [36m1[39m: [41m<[49mhtml[38;5;8m•[39mlang="en">
  [36m2[39m: 
